[Info] [carb] Logging to file: /home/alessandro/isaacsim/kit/logs/Kit/Isaac-Sim Python/4.5/kit_20260720_110836.log
2026-07-20 10:08:36 [0ms] [Warning] [omni.kit.app.plugin] No crash reporter present, dumps uploading isn't available.
[0.041s] [ext: omni.kit.async_engine-0.0.1] startup
[0.462s] [ext: omni.metrics.core-0.0.1] startup
[0.462s] [ext: omni.client.lib-1.0.0] startup
[0.484s] [ext: omni.blobkey-1.1.2] startup
[0.484s] [ext: omni.stats-1.0.1] startup
[0.485s] [ext: omni.datastore-0.0.0] startup
[0.490s] [ext: omni.client-1.2.2] startup
[0.544s] [ext: omni.ujitso.default-1.0.0] startup
[0.545s] [ext: omni.hsscclient-1.1.1] startup
[0.548s] [ext: omni.gpu_foundation.shadercache.vulkan-1.0.0] startup
[0.552s] [ext: omni.assets.plugins-0.0.0] startup
[0.553s] [ext: omni.gpu_foundation-0.0.0] startup
[0.557s] [ext: carb.windowing.plugins-1.0.0] startup
[0.565s] [ext: omni.kit.renderer.init-0.0.0] startup
2026-07-20 10:08:36 [797ms] [Warning] [gpu.foundation.plugin] Skipping unsupported non-NVIDIA GPU: Intel(R) Graphics (RPL-P)
2026-07-20 10:08:36 [797ms] [Warning] [gpu.foundation.plugin] Skipping unsupported non-NVIDIA GPU: Intel(R) Graphics (RPL-P)

|---------------------------------------------------------------------------------------------|
| Driver Version: 575.57.08     | Graphics API: Vulkan
|=============================================================================================|
| GPU | Name                             | Active | LDA | GPU Memory | Vendor-ID | LUID       |
|     |                                  |        |     |            | Device-ID | UUID       |
|     |                                  |        |     |            | Bus-ID    |            |
|---------------------------------------------------------------------------------------------|
| 0   | NVIDIA GeForce RTX 4080 Laptop.. | Yes: 0 |     | 12282   MB | 10de      | 0          |
|     |                                  |        |     |            | 27e0      | d30f32f4.. |
|     |                                  |        |     |            | 1         |            |
|---------------------------------------------------------------------------------------------|
| 1   | Intel(R) Graphics (RPL-P)        |        |     | 23831   MB | 8086      | 0          |
|     |                                  |        |     |            | a7a0      | 8680a0a7.. |
|     |                                  |        |     |            | 0         |            |
|=============================================================================================|
| OS: 22.04.5 LTS (Jammy Jellyfish) ubuntu, Version: 22.04.5, Kernel: 6.8.0-124-generic
| XServer Vendor: The X.Org Foundation, XServer Version: 12101004 (1.21.1.4)
| Processor: 13th Gen Intel(R) Core(TM) i9-13900HK
| Bare Metal Cores: 14 | Bare Metal Logical Cores: 28
| Available Cores:  20 
|---------------------------------------------------------------------------------------------|
| Total Memory (MB): 31775 | Free Memory: 23365
| Total Page/Swap (MB): 2047 | Free Page/Swap: 2047
|---------------------------------------------------------------------------------------------|
2026-07-20 10:08:37 [1,109ms] [Warning] [gpu.foundation.plugin] IOMMU is enabled.
2026-07-20 10:08:37 [1,109ms] [Warning] [gpu.foundation.plugin] Detected IOMMU is enabled. Running CUDA peer-to-peer bandwidth and latency validation.
Unidirectional P2P=Enabled Bandwidth (P2P Writes) Matrix (GB/s)
   D\D     0 
     0 299.62 
P2P=Enabled Latency (P2P Writes) Matrix (us)
   GPU     0 
     0   1.32 

   CPU     0 
     0   2.14 
[1.455s] [ext: omni.kit.pipapi-0.0.0] startup
[1.456s] [ext: omni.kit.pip_archive-0.0.0] startup
[1.457s] [ext: omni.pip.compute-1.4.5] startup
[1.457s] [ext: omni.materialx.libs-1.0.6] startup
[1.464s] [ext: omni.kit.telemetry-0.5.1] startup
[1.480s] [ext: omni.pip.cloud-1.1.7] startup
[1.485s] [ext: omni.isaac.core_archive-2.3.3] startup
[1.485s] [ext: omni.usd.config-1.0.5] startup
[1.488s] [ext: omni.gpucompute.plugins-0.0.0] startup
[1.489s] [ext: omni.usd.libs-1.0.1] startup
[1.559s] [ext: omni.isaac.ml_archive-2.1.2] startup
[1.559s] [ext: omni.mdl-55.0.1] startup
[1.577s] [ext: omni.iray.libs-0.0.0] startup
[1.582s] [ext: omni.mdl.neuraylib-0.2.10] startup
[1.585s] [ext: omni.kit.usd.mdl-1.0.7] startup
[1.679s] [ext: omni.kit.loop-isaac-1.2.1] startup
[1.680s] [ext: omni.kit.test-1.1.2] startup
[1.725s] [ext: omni.appwindow-1.1.9] startup
[1.729s] [ext: omni.kit.renderer.core-1.0.2] startup
[2.014s] [ext: omni.kit.renderer.capture-0.0.0] startup
[2.024s] [ext: omni.kit.renderer.imgui-1.0.2] startup
[2.115s] [ext: omni.ui-2.26.5] startup
[2.129s] [ext: omni.kit.mainwindow-1.0.3] startup
[2.130s] [ext: carb.audio-0.1.0] startup
[2.133s] [ext: omni.uiaudio-1.0.0] startup
[2.134s] [ext: omni.kit.uiapp-0.0.0] startup
[2.134s] [ext: omni.usd.schema.metrics.assembler-106.5.0] startup
[2.141s] [ext: omni.usd.schema.anim-0.0.0] startup
[2.159s] [ext: omni.usd.schema.isaac-3.0.2] startup
[2.159s] [ext: omni.usd.schema.geospatial-0.0.0] startup
[2.162s] [ext: omni.usd.schema.physx-106.5.7] startup
[2.192s] [ext: omni.usd.schema.audio-0.0.0] startup
[2.195s] [ext: omni.usd.schema.semantics-0.0.0] startup
[2.197s] [ext: omni.usd_resolver-1.0.0] startup
[2.200s] [ext: usdrt.scenegraph-7.5.1] startup
[2.240s] [ext: omni.kit.actions.core-1.0.0] startup
[2.241s] [ext: omni.timeline-1.0.11] startup
[2.243s] [ext: omni.usd.core-1.4.2] startup
[2.245s] [ext: omni.resourcemonitor-107.0.0] startup
[2.247s] [ext: omni.activity.core-1.0.1] startup
[2.248s] [ext: omni.kit.audiodeviceenum-1.0.1] startup
[2.249s] [ext: omni.hydra.usdrt_delegate-7.5.1] startup
[2.258s] [ext: omni.graph.exec-0.9.4] startup
[2.258s] [ext: omni.kit.window.popup_dialog-2.0.24] startup
[2.262s] [ext: omni.kit.exec.core-0.13.4] startup
[2.264s] [ext: omni.kit.widget.nucleus_connector-1.1.10] startup
[2.266s] [ext: omni.kit.usd_undo-0.1.8] startup
[2.267s] [ext: omni.kit.commands-1.4.9] startup
[2.270s] [ext: omni.hydra.scene_delegate-0.3.3] startup
[2.275s] [ext: omni.usd-1.12.4] startup
[2.317s] [ext: omni.kit.asset_converter-2.8.3] startup
[2.328s] [ext: omni.usd.schema.omniscripting-1.0.0] startup
[2.332s] [ext: omni.usd.schema.omnigraph-1.0.0] startup
[2.337s] [ext: omni.usd.schema.forcefield-106.5.7] startup
[2.342s] [ext: isaacsim.robot.schema-3.1.2] startup
[2.349s] [ext: omni.inspect-1.0.1] startup
[2.350s] [ext: omni.kit.notification_manager-1.0.9] startup
[2.351s] [ext: omni.graph.core-2.181.8] startup
[2.354s] [ext: isaacsim.core.deprecation_manager-0.2.2] startup
[2.355s] [ext: omni.index.libs-380600.1777.0] startup
[2.355s] [ext: omni.ujitso.processor.texture-1.0.0] startup
[2.356s] [ext: omni.index-1.0.1] startup
[2.356s] [ext: omni.kit.widget.path_field-2.0.11] startup
[2.357s] [ext: omni.volume-0.5.0] startup
[2.362s] [ext: omni.ujitso.client-0.0.0] startup
[2.363s] [ext: omni.hydra.rtx.shadercache.vulkan-1.0.0] startup
[2.364s] [ext: omni.kit.widget.browser_bar-2.0.10] startup
[2.364s] [ext: omni.kit.clipboard-1.0.5] startup
[2.365s] [ext: omni.hydra.rtx-1.0.0] startup
2026-07-20 10:08:38 [2,363ms] [Warning] [omni.log] Source: omni.hydra was already registered.
[2.384s] [ext: omni.kit.viewport.registry-104.0.6] startup
[2.384s] [ext: omni.kit.helper.file_utils-0.1.9] startup
[2.386s] [ext: omni.kit.widget.options_menu-1.1.6] startup
[2.388s] [ext: omni.kit.menu.core-1.1.2] startup
[2.388s] [ext: omni.kit.widget.filebrowser-2.10.52] startup
[2.393s] [ext: omni.ui.scene-1.11.2] startup
[2.398s] [ext: omni.kit.widget.options_button-1.0.3] startup
[2.399s] [ext: omni.kit.widget.context_menu-1.2.4] startup
[2.400s] [ext: omni.kit.viewport.legacy_gizmos-1.0.16] startup
[2.402s] [ext: omni.kit.usd.layers-2.2.0] startup
[2.410s] [ext: omni.kit.window.filepicker-2.11.7] startup
[2.420s] [ext: omni.kit.hydra_texture-1.4.0] startup
[2.423s] [ext: omni.kit.viewport.scene_camera_model-1.0.5] startup
[2.429s] [ext: omni.kit.context_menu-1.8.3] startup
[2.430s] [ext: omni.kit.window.file_importer-1.1.14] startup
[2.432s] [ext: omni.kit.menu.utils-1.7.7] startup
[2.438s] [ext: omni.kit.widget.viewport-107.0.7] startup
[2.442s] [ext: omni.kit.window.drop_support-1.0.4] startup
[2.443s] [ext: omni.kit.raycast.query-1.0.5] startup
[2.448s] [ext: omni.kit.material.library-1.5.15] startup
[2.452s] [ext: omni.hydra.engine.stats-1.0.3] startup
[2.455s] [ext: omni.kit.viewport.window-107.0.8] startup
[2.472s] [ext: omni.warp.core-1.5.0] startup
[2.701s] [ext: omni.kit.viewport.utility-1.0.18] startup
[2.702s] [ext: omni.kit.hotkeys.core-1.3.10] startup
[2.703s] [ext: omni.kit.widget.prompt-1.0.7] startup
[2.703s] [ext: omni.kit.usd.collect-2.2.22] startup
[2.705s] [ext: omni.kit.window.content_browser_registry-0.0.6] startup
[2.706s] [ext: omni.graph.tools-1.79.1] startup
[2.725s] [ext: omni.kit.window.file_exporter-1.0.31] startup
[2.726s] [ext: omni.kit.stage_template.core-1.1.22] startup
[2.727s] [ext: omni.graph.image.core-0.6.0] startup
[2.728s] [ext: omni.graph.action_core-1.1.7] startup
[2.731s] [ext: omni.graph-1.140.2] startup
[2.771s] [ext: omni.kit.window.file-1.3.57] startup
[2.774s] [ext: omni.kit.widget.filter-1.1.4] startup
[2.776s] [ext: omni.graph.image.nodes-1.3.0] startup
[2.779s] [ext: omni.graph.action_nodes-1.40.1] startup
[2.783s] [ext: omni.kit.window.content_browser-2.10.3] startup
[2.806s] [ext: omni.kvdb-106.5.7] startup
[2.808s] [ext: omni.graph.action-1.120.0] startup
[2.810s] [ext: omni.kit.tool.collect-2.2.16] startup
[2.816s] [ext: omni.graph.nodes-1.162.1] startup
[2.831s] [ext: omni.kit.widget.searchfield-1.1.8] startup
[2.840s] [ext: omni.localcache-106.5.7] startup
[2.846s] [ext: omni.convexdecomposition-106.5.7] startup
[2.850s] [ext: omni.kit.widget.stage_icons-1.0.6] startup
[2.851s] [ext: omni.kit.widget.stage-2.11.6] startup
[2.860s] [ext: omni.usdphysics-106.5.7] startup
[2.863s] [ext: omni.physx.foundation-106.5.7] startup
[2.865s] [ext: omni.physics.tensors-106.5.7] startup
[2.871s] [ext: omni.kit.window.stage-2.5.11] startup
[2.875s] [ext: omni.kit.property.adapter.core-1.0.2] startup
[2.877s] [ext: omni.physx.cooking-106.5.7] startup
[2.883s] [ext: omni.kit.widget.zoombar-1.0.5] startup
[2.884s] [ext: omni.kit.widget.highlight_label-1.0.3] startup
[2.885s] [ext: omni.kit.property.adapter.usd-1.0.2] startup
[2.887s] [ext: omni.kit.property.adapter.fabric-1.0.3] startup
[2.889s] [ext: omni.physx-106.5.7] startup
[2.908s] [ext: omni.kit.browser.core-2.3.11] startup
[2.915s] [ext: omni.kit.window.property-1.11.5] startup
[2.919s] [ext: omni.kit.widget.text_editor-1.0.2] startup
[2.921s] [ext: omni.kit.property.usd-4.2.16] startup
[2.930s] [ext: omni.physx.tensors-106.5.7] startup
[2.937s] [ext: omni.kit.menu.stage-1.2.5] startup
[2.938s] [ext: omni.kit.browser.folder.core-1.10.1] startup
[2.946s] [ext: omni.warp-1.5.0] startup
[2.952s] [ext: isaacsim.examples.browser-0.1.8] startup
[2.959s] [ext: omni.physx.stageupdate-106.5.7] startup
[2.964s] [ext: omni.kit.numpy.common-0.1.2] startup
[2.970s] [ext: isaacsim.core.version-2.0.2] startup
[2.972s] [ext: omni.isaac.dynamic_control-1.3.15] startup
2026-07-20 10:08:39 [2,979ms] [Warning] [omni.isaac.dynamic_control] omni.isaac.dynamic_control is deprecated as of Isaac Sim 4.5. No action is needed from end-users.
[2.989s] [ext: isaacsim.storage.native-1.0.6] startup
[2.992s] [ext: omni.kit.menu.create-1.0.17] startup
[3.002s] [ext: isaacsim.core.utils-2.2.8] startup
[3.012s] [ext: omni.kit.widget.searchable_combobox-1.0.6] startup
[3.026s] [ext: omni.kit.primitive.mesh-1.0.17] startup
[3.053s] [ext: isaacsim.core.simulation_manager-0.3.3] startup
[4.158s] [ext: omni.kit.scripting-106.5.2] startup
[4.163s] [ext: omni.kit.stage_templates-1.2.6] startup
[4.165s] [ext: isaacsim.core.prims-0.3.7] startup
[4.185s] [ext: isaacsim.replicator.behavior-1.0.8] startup
[4.187s] [ext: isaacsim.core.api-4.2.16] startup
[4.194s] [ext: omni.ui_query-1.1.7] startup
[4.196s] [ext: omni.kit.manipulator.viewport-107.0.1] startup
[4.197s] [ext: omni.kit.ui_test-1.3.3] startup
[4.199s] [ext: omni.kit.window.extensions-1.4.25] startup
[4.203s] [ext: omni.graph.visualization.nodes-2.1.1] startup
[4.208s] [ext: omni.kit.tool.asset_importer-2.12.2] startup
[4.228s] [ext: isaacsim.gui.components-1.0.9] startup
[4.231s] [ext: omni.kit.widget.settings-1.2.2] startup
[4.235s] [ext: omni.kit.widget.graph-1.12.17] startup
[4.239s] [ext: omni.kit.window.preferences-1.7.0] startup
[4.243s] [ext: omni.kit.graph.delegate.default-1.2.2] startup
[4.245s] [ext: omni.kit.viewport.menubar.core-107.1.2] startup
[4.257s] [ext: omni.kit.widget.material_preview-1.0.16] startup
[4.260s] [ext: omni.kit.graph.usd.commands-1.3.1] startup
[4.260s] [ext: omni.kit.graph.editor.core-1.5.3] startup
[4.263s] [ext: omni.syntheticdata-0.6.10] startup
[4.288s] [ext: omni.kit.window.material_graph-1.8.19] startup
[4.324s] [ext: omni.graph.scriptnode-1.40.1] startup
[4.326s] [ext: isaacsim.core.cloner-1.3.4] startup
[4.329s] [ext: omni.replicator.core-1.11.35] startup
2026-07-20 10:08:40 [4,419ms] [Warning] [omni.replicator.core.scripts.extension] No material configuration file, adding configuration to material settings directly.
[4.430s] [ext: omni.isaac.cloner-1.0.2] startup
2026-07-20 10:08:40 [4,424ms] [Warning] [omni.isaac.cloner] omni.isaac.cloner has been deprecated in favor of isaacsim.core.cloner. Please update your code accordingly.
[4.433s] [ext: isaacsim.core.nodes-2.1.4] startup
[4.441s] [ext: isaacsim.asset.importer.urdf-2.3.10] startup
[4.602s] [ext: omni.isaac.core-4.0.3] startup
2026-07-20 10:08:40 [4,596ms] [Warning] [omni.isaac.core.physics_context.physics_context] omni.isaac.core.physics_context.physics_context has been deprecated in favor of isaacsim.core.api.physics_context.physics_context. Please update your code accordingly.
2026-07-20 10:08:40 [4,598ms] [Warning] [omni.isaac.core.simulation_context.simulation_context] omni.isaac.core.simulation_context.simulation_context has been deprecated in favor of isaacsim.core.api.simulation_context.simulation_context. Please update your code accordingly.
2026-07-20 10:08:40 [4,598ms] [Warning] [omni.isaac.core.world.world] omni.isaac.core.world.world has been deprecated in favor of isaacsim.core.api.world.world. Please update your code accordingly.
2026-07-20 10:08:40 [4,598ms] [Warning] [omni.isaac.core] omni.isaac.core has been deprecated in favor of isaacsim.core.api. Please update your code accordingly.
[4.608s] [ext: omni.isaac.core_nodes-2.0.2] startup
2026-07-20 10:08:40 [4,609ms] [Warning] [omni.isaac.core_nodes] omni.isaac.core_nodes has been deprecated in favor of isaacsim.core.nodes. Please update your code accordingly.
[4.618s] [ext: omni.anim.curve.core-1.2.0] startup
[4.649s] [ext: isaacsim.robot_motion.lula-4.0.4] startup
[4.657s] [ext: isaacsim.asset.importer.mjcf-2.3.3] startup
[4.668s] [ext: isaacsim.robot_motion.motion_generation-8.0.6] startup
[4.681s] [ext: isaacsim.asset.browser-1.3.4] startup
[4.760s] [ext: isaacsim.robot.surface_gripper-2.0.6] startup
[4.764s] [ext: omni.kit.selection-0.1.5] startup
[4.767s] [ext: isaacsim.robot_motion.lula_test_widget-1.0.5] startup
[4.771s] [ext: omni.isaac.assets_check-0.3.9] startup
2026-07-20 10:08:40 [4,764ms] [Warning] [omni.isaac.assets_check] omni.isaac.assets_check has been deprecated in favor of isaacsim.asset.browser. Please update your code accordingly.
[4.773s] [ext: isaacsim.robot.manipulators-3.0.4] startup
[4.779s] [ext: isaacsim.sensors.physics-0.3.5] startup
[4.787s] [ext: isaacsim.gui.menu-2.0.9] startup
[4.802s] [ext: omni.isaac.lula_test_widget-1.0.2] startup
2026-07-20 10:08:40 [4,795ms] [Warning] [omni.isaac.lula_test_widget] omni.isaac.lula_test_widget has been deprecated in favor of isaacsim.robot_motion.lula_test_widget. Please update your code accordingly.
[4.805s] [ext: omni.sensors.nv.common-2.5.0-coreapi] startup
[4.820s] [ext: omni.isaac.manipulators-3.0.3] startup
2026-07-20 10:08:40 [4,812ms] [Warning] [omni.isaac.manipulators] omni.isaac.manipulators has been deprecated in favor of isaacsim.robot.manipulators. Please update your code accordingly.
2026-07-20 10:08:40 [4,812ms] [Warning] [omni.isaac.manipulators.controllers] omni.isaac.manipulators has been deprecated in favor of isaacsim.robot.manipulators. Please update your code accordingly.
2026-07-20 10:08:40 [4,812ms] [Warning] [omni.isaac.manipulators.controllers.pick_place_controller] omni.isaac.manipulators has been deprecated in favor of isaacsim.robot.manipulators. Please update your code accordingly.
2026-07-20 10:08:40 [4,813ms] [Warning] [omni.isaac.manipulators.controllers.stacking_controller] omni.isaac.manipulators has been deprecated in favor of isaacsim.robot.manipulators. Please update your code accordingly.
2026-07-20 10:08:40 [4,813ms] [Warning] [omni.isaac.manipulators.grippers] omni.isaac.manipulators has been deprecated in favor of isaacsim.robot.manipulators. Please update your code accordingly.
2026-07-20 10:08:40 [4,813ms] [Warning] [omni.isaac.manipulators.grippers.gripper] omni.isaac.manipulators has been deprecated in favor of isaacsim.robot.manipulators. Please update your code accordingly.
2026-07-20 10:08:40 [4,813ms] [Warning] [omni.isaac.manipulators.grippers.parallel_gripper] omni.isaac.manipulators has been deprecated in favor of isaacsim.robot.manipulators. Please update your code accordingly.
2026-07-20 10:08:40 [4,813ms] [Warning] [omni.isaac.manipulators.grippers.surface_gripper] omni.isaac.manipulators has been deprecated in favor of isaacsim.robot.manipulators. Please update your code accordingly.
2026-07-20 10:08:40 [4,814ms] [Warning] [omni.isaac.manipulators.manipulators] omni.isaac.manipulators has been deprecated in favor of isaacsim.robot.manipulators. Please update your code accordingly.
2026-07-20 10:08:40 [4,814ms] [Warning] [omni.isaac.manipulators.manipulators.single_manipulator] omni.isaac.manipulators has been deprecated in favor of isaacsim.robot.manipulators. Please update your code accordingly.
[4.822s] [ext: isaacsim.robot.policy.examples-4.0.3] startup
[4.825s] [ext: omni.isaac.menu-1.0.2] startup
2026-07-20 10:08:40 [4,817ms] [Warning] [omni.isaac.menu] omni.isaac.menu has been deprecated in favor of isaacsim.gui.menu. Please update your code accordingly.
[4.827s] [ext: omni.isaac.motion_generation-8.0.2] startup
2026-07-20 10:08:40 [4,820ms] [Warning] [omni.isaac.motion_generation] omni.isaac.motion_generation has been deprecated in favor of isaacsim.robot_motion.motion_generation. Please update your code accordingly.
2026-07-20 10:08:40 [4,820ms] [Warning] [omni.isaac.motion_generation.articulation_kinematics_solver] omni.isaac.motion_generation has been deprecated in favor of isaacsim.robot_motion.motion_generation. Please update your code accordingly.
2026-07-20 10:08:40 [4,820ms] [Warning] [omni.isaac.motion_generation.articulation_motion_policy] omni.isaac.motion_generation has been deprecated in favor of isaacsim.robot_motion.motion_generation. Please update your code accordingly.
2026-07-20 10:08:40 [4,822ms] [Warning] [omni.isaac.motion_generation.articulation_trajectory] omni.isaac.motion_generation has been deprecated in favor of isaacsim.robot_motion.motion_generation. Please update your code accordingly.
2026-07-20 10:08:40 [4,822ms] [Warning] [omni.isaac.motion_generation.kinematics_interface] omni.isaac.motion_generation has been deprecated in favor of isaacsim.robot_motion.motion_generation. Please update your code accordingly.
2026-07-20 10:08:40 [4,822ms] [Warning] [omni.isaac.motion_generation.lula] omni.isaac.motion_generation has been deprecated in favor of isaacsim.robot_motion.motion_generation. Please update your code accordingly.
2026-07-20 10:08:40 [4,822ms] [Warning] [omni.isaac.motion_generation.lula.kinematics] omni.isaac.motion_generation has been deprecated in favor of isaacsim.robot_motion.motion_generation. Please update your code accordingly.
2026-07-20 10:08:40 [4,822ms] [Warning] [omni.isaac.motion_generation.lula.motion_policies] omni.isaac.motion_generation has been deprecated in favor of isaacsim.robot_motion.motion_generation. Please update your code accordingly.
2026-07-20 10:08:40 [4,822ms] [Warning] [omni.isaac.motion_generation.lula.path_planners] omni.isaac.motion_generation has been deprecated in favor of isaacsim.robot_motion.motion_generation. Please update your code accordingly.
2026-07-20 10:08:40 [4,822ms] [Warning] [omni.isaac.motion_generation.lula.trajectory_generator] omni.isaac.motion_generation has been deprecated in favor of isaacsim.robot_motion.motion_generation. Please update your code accordingly.
2026-07-20 10:08:40 [4,822ms] [Warning] [omni.isaac.motion_generation.motion_policy_controller] omni.isaac.motion_generation has been deprecated in favor of isaacsim.robot_motion.motion_generation. Please update your code accordingly.
2026-07-20 10:08:40 [4,823ms] [Warning] [omni.isaac.motion_generation.motion_policy_interface] omni.isaac.motion_generation has been deprecated in favor of isaacsim.robot_motion.motion_generation. Please update your code accordingly.
2026-07-20 10:08:40 [4,823ms] [Warning] [omni.isaac.motion_generation.path_planner_visualizer] omni.isaac.motion_generation has been deprecated in favor of isaacsim.robot_motion.motion_generation. Please update your code accordingly.
2026-07-20 10:08:40 [4,823ms] [Warning] [omni.isaac.motion_generation.path_planning_interface] omni.isaac.motion_generation has been deprecated in favor of isaacsim.robot_motion.motion_generation. Please update your code accordingly.
2026-07-20 10:08:40 [4,823ms] [Warning] [omni.isaac.motion_generation.trajectory] omni.isaac.motion_generation has been deprecated in favor of isaacsim.robot_motion.motion_generation. Please update your code accordingly.
2026-07-20 10:08:40 [4,823ms] [Warning] [omni.isaac.motion_generation.world_interface] omni.isaac.motion_generation has been deprecated in favor of isaacsim.robot_motion.motion_generation. Please update your code accordingly.
[4.832s] [ext: omni.sensors.nv.materials-1.4.0-coreapi] startup
[4.834s] [ext: omni.isaac.nucleus-1.0.3] startup
2026-07-20 10:08:40 [4,827ms] [Warning] [omni.isaac.nucleus] omni.isaac.nucleus has been deprecated in favor of isaacsim.storage.native. Please update your code accordingly.
2026-07-20 10:08:40 [4,827ms] [Warning] [omni.isaac.nucleus.nucleus] omni.isaac.nucleus.nucleus has been deprecated in favor of isaacsim.storage.native. Please update your code accordingly.
[4.835s] [ext: omni.isaac.quadruped-3.0.2] startup
2026-07-20 10:08:40 [4,828ms] [Warning] [omni.isaac.quadruped] omni.isaac.quadruped has been deprecated in favor of isaacsim.robot.policy.examples. Please update your code accordingly.
[4.836s] [ext: omni.kit.manipulator.selector-1.1.1] startup
[4.839s] [ext: omni.sensors.nv.wpm-2.4.0-coreapi] startup
[4.841s] [ext: omni.sensors.nv.lidar-2.6.3-coreapi] startup
[4.846s] [ext: omni.sensors.nv.ids-1.4.0-coreapi] startup
[4.850s] [ext: isaacsim.robot.manipulators.examples-1.0.3] startup
[4.851s] [ext: isaacsim.util.debug_draw-2.0.2] startup
[4.857s] [ext: omni.sensors.tiled-0.0.6] startup
[4.859s] [ext: omni.sensors.nv.radar-2.6.1-coreapi] startup
[4.865s] [ext: omni.kit.widget.toolbar-1.7.3] startup
[4.871s] [ext: omni.kit.manipulator.transform-106.0.1] startup
[4.875s] [ext: isaacsim.sensors.physx-2.2.4] startup
[4.880s] [ext: isaacsim.sensors.rtx-13.6.3] startup
[4.886s] [ext: isaacsim.sensors.camera-0.2.9] startup
[4.905s] [ext: isaacsim.cortex.framework-1.0.2] startup
[4.908s] [ext: omni.kit.manipulator.tool.snap-1.5.12] startup
[4.933s] [ext: omni.isaac.range_sensor-4.0.2] startup
[4.936s] [ext: omni.isaac.surface_gripper-2.0.2] startup
2026-07-20 10:08:41 [4,927ms] [Warning] [omni.isaac.surface_gripper] omni.isaac.surface_gripper has been deprecated in favor of isaacsim.robot.surface_gripper. Please update your code accordingly.
[4.938s] [ext: omni.isaac.sensor-13.0.3] startup
2026-07-20 10:08:41 [4,931ms] [Warning] [omni.isaac.sensor] omni.isaac.sensor has been deprecated in favor of isaacsim.sensors.camera, isaacsim.sensors.physics, isaacsim.sensors.physx, and isaacsim.sensors.rtx. Please update your code accordingly.
2026-07-20 10:08:41 [4,931ms] [Warning] [omni.isaac.sensor.camera] omni.isaac.sensor.camera has been deprecated in favor of isaacsim.sensors.camera.camera. Please update your code accordingly.
2026-07-20 10:08:41 [4,931ms] [Warning] [omni.isaac.sensor.camera_view] omni.isaac.sensor.camera_view has been deprecated in favor of isaacsim.sensors.camera.camera_view. Please update your code accordingly.
2026-07-20 10:08:41 [4,931ms] [Warning] [omni.isaac.sensor.commands] omni.isaac.sensor.commands has been deprecated in favor of isaacsim.sensors.physics.commands, isaacsim.sensors.physx.commands, and isaacsim.sensors.rtx.commands. Please update your code accordingly.
2026-07-20 10:08:41 [4,931ms] [Warning] [omni.isaac.sensor.contact_sensor] omni.isaac.sensor.contact_sensor has been deprecated in favor of isaacsim.sensors.physics.contact_sensor. Please update your code accordingly.
2026-07-20 10:08:41 [4,931ms] [Warning] [omni.isaac.sensor.imu_sensor] omni.isaac.sensor.imu_sensor has been deprecated in favor of isaacsim.sensors.physics.imu_sensor. Please update your code accordingly.
2026-07-20 10:08:41 [4,932ms] [Warning] [omni.isaac.sensor.lidar_rtx] omni.isaac.sensor.lidar_rtx has been deprecated in favor of isaacsim.sensors.rtx.lidar_rtx. Please update your code accordingly.
2026-07-20 10:08:41 [4,932ms] [Warning] [omni.isaac.sensor.rotating_lidar_physX] omni.isaac.sensor.imu_sensor has been deprecated in favor of isaacsim.sensors.physix.rotating_lidar_physX. Please update your code accordingly.
2026-07-20 10:08:41 [4,932ms] [Warning] [omni.isaac.sensor.scripts.samples.contact_sensor] omni.isaac.sensor.scripts.samples.contact_sensor has been deprecated in favor of isaacsim.sensors.physics.scripts.samples.contact_sensor. Please update your code accordingly.
2026-07-20 10:08:41 [4,932ms] [Warning] [omni.isaac.sensor.scripts.samples.imu_sensor] omni.isaac.sensor.scripts.samples.imu_sensor has been deprecated in favor of isaacsim.sensors.physics.scripts.samples.imu_sensor. Please update your code accordingly.
2026-07-20 10:08:41 [4,932ms] [Warning] [omni.isaac.sensor.scripts.samples.lightbeam_sensor] omni.isaac.sensor.scripts.samples.lightbeam_sensor has been deprecated in favor of isaacsim.sensors.physx.scripts.samples.lightbeam_sensor. Please update your code accordingly.
[4.945s] [ext: omni.isaac.cortex-1.0.2] startup
2026-07-20 10:08:41 [4,937ms] [Warning] [omni.isaac.cortex] omni.isaac.cortex has been deprecated in favor of isaacsim.cortex.framework. Please update your code accordingly.
[4.948s] [ext: omni.kit.viewport.manipulator.transform-107.0.4] startup
[4.951s] [ext: omni.debugdraw-0.1.3] startup
[4.956s] [ext: omni.isaac.universal_robots-1.0.2] startup
2026-07-20 10:08:41 [4,948ms] [Warning] [omni.isaac.universal_robots] omni.isaac.universal_robots has been deprecated in favor of isaacsim.robot.manipulators.examples.universal_robots. Please update your code accordingly.
2026-07-20 10:08:41 [4,948ms] [Warning] [omni.isaac.universal_robots.kinematics_solver] omni.isaac.franka has been deprecated in favor of isaacsim.robot.manipulators.examples.universal_robots. Please update your code accordingly.
2026-07-20 10:08:41 [4,949ms] [Warning] [omni.isaac.universal_robots.ur10] omni.isaac.franka has been deprecated in favor of isaacsim.robot.manipulators.examples.universal_robots. Please update your code accordingly.
[4.958s] [ext: omni.isaac.utils-2.0.2] startup
[4.961s] [ext: omni.kit.manipulator.prim.core-107.0.7] startup
[4.967s] [ext: omni.fabric.commands-1.1.5] startup
[4.970s] [ext: omni.kit.manipulator.selection-106.0.1] startup
[4.971s] [ext: omni.kit.viewport.actions-107.0.0] startup
[4.975s] [ext: omni.kit.manipulator.prim.usd-107.0.3] startup
[4.977s] [ext: omni.kit.manipulator.prim.fabric-107.0.4] startup
[4.979s] [ext: isaacsim.cortex.behaviors-2.0.3] startup
[4.980s] [ext: omni.kit.widget.layers-1.8.2] startup
[5.003s] [ext: omni.kit.viewport.menubar.display-107.0.3] startup
[5.005s] [ext: omni.kit.manipulator.prim-107.0.0] startup
[5.005s] [ext: omni.isaac.cortex.sample_behaviors-2.0.2] startup
2026-07-20 10:08:41 [4,998ms] [Warning] [omni.isaac.cortex.sample_behaviors] omni.isaac.cortex.sample_behaviors has been deprecated in favor of isaacsim.cortex.behaviors. Please update your code accordingly.
[5.006s] [ext: omni.graph.ui_nodes-1.40.1] startup
[5.010s] [ext: omni.usdphysics.ui-106.5.7] startup
[5.038s] [ext: omni.physx.commands-106.5.7] startup
[5.046s] [ext: omni.kit.property.camera-1.0.9] startup
[5.050s] [ext: omni.hydra.scene_api-0.1.2] startup
[5.055s] [ext: omni.kit.property.geometry-1.3.3] startup
[5.061s] [ext: omni.kit.property.light-1.0.11] startup
[5.062s] [ext: omni.physx.ui-106.5.7] startup
[5.094s] [ext: omni.kit.property.material-1.10.17] startup
[5.100s] [ext: omni.kit.property.render-1.1.3] startup
[5.101s] [ext: omni.kit.property.transform-1.5.10] startup
[5.105s] [ext: omni.kit.property.audio-1.0.16] startup
[5.107s] [ext: isaacsim.gui.property-1.0.4] startup
[5.109s] [ext: omni.physx.demos-106.5.7] startup
[5.127s] [ext: omni.kit.property.physx-106.5.7] startup
[5.162s] [ext: omni.isaac.lula-4.0.2] startup
2026-07-20 10:08:41 [5,154ms] [Warning] [omni.isaac.lula] omni.isaac.lula has been deprecated in favor of isaacsim.robot_motion.lula. Please update your code accordingly.
[5.163s] [ext: omni.kit.property.bundle-1.3.2] startup
[5.166s] [ext: omni.kit.property.isaac-1.0.2] startup
2026-07-20 10:08:41 [5,159ms] [Warning] [omni.kit.property.isaac] omni.kit.property.isaac has been deprecated in favor of isaacsim.gui.property. Please update your code accordingly.
2026-07-20 10:08:41 [5,159ms] [Warning] [omni.kit.property.isaac.widgets] omni.kit.property.isaac.widgets has been deprecated in favor of isaacsim.gui.property.widgets. Please update your code accordingly.
[5.168s] [ext: omni.physx.vehicle-106.5.7] startup
[5.186s] [ext: omni.kit.viewport.menubar.camera-107.0.2] startup
[5.192s] [ext: omni.kit.viewport.menubar.lighting-106.0.2] startup
[5.195s] [ext: omni.kit.viewport.menubar.render-107.0.8] startup
[5.198s] [ext: omni.kit.viewport.menubar.settings-107.0.3] startup
[5.201s] [ext: omni.kit.window.console-0.2.14] startup
[5.210s] [ext: omni.physx.camera-106.5.7] startup
[5.221s] [ext: omni.kit.window.toolbar-1.6.2] startup
[5.225s] [ext: omni.isaac.version-2.0.2] startup
2026-07-20 10:08:41 [5,217ms] [Warning] [omni.isaac.version] omni.isaac.version has been deprecated in favor of isaacsim.core.version. Please update your code accordingly.
[5.226s] [ext: isaacsim.robot.wheeled_robots-4.0.3] startup
[5.230s] [ext: omni.physx.cct-106.5.7] startup
[5.248s] [ext: omni.physx.graph-106.5.7] startup
[5.274s] [ext: isaacsim.replicator.writers-1.0.1] startup
[5.312s] [ext: omni.physx.supportui-106.5.7] startup
[5.336s] [ext: omni.physx.telemetry-106.5.7] startup
[5.342s] [ext: omni.isaac.wheeled_robots-3.0.3] startup
2026-07-20 10:08:41 [5,335ms] [Warning] [omni.isaac.wheeled_robots] omni.isaac.wheeled_robots has been deprecated in favor of isaacsim.robot.wheeled_robots. Please update your code accordingly.
2026-07-20 10:08:41 [5,335ms] [Warning] [omni.isaac.wheeled_robots.controllers] omni.isaac.wheeled_robots has been deprecated in favor of isaacsim.robot.wheeled_robots. Please update your code accordingly.
2026-07-20 10:08:41 [5,335ms] [Warning] [omni.isaac.wheeled_robots.controllers.ackermann_controller] omni.isaac.wheeled_robots has been deprecated in favor of isaacsim.robot.wheeled_robots. Please update your code accordingly.
2026-07-20 10:08:41 [5,335ms] [Warning] [omni.isaac.wheeled_robots.controllers.differential_controller] omni.isaac.wheeled_robots has been deprecated in favor of isaacsim.robot.wheeled_robots. Please update your code accordingly.
2026-07-20 10:08:41 [5,336ms] [Warning] [omni.isaac.wheeled_robots.controllers.holonomic_controller] omni.isaac.wheeled_robots has been deprecated in favor of isaacsim.robot.wheeled_robots. Please update your code accordingly.
2026-07-20 10:08:41 [5,336ms] [Warning] [omni.isaac.wheeled_robots.controllers.quintic_path_planner] omni.isaac.wheeled_robots has been deprecated in favor of isaacsim.robot.wheeled_robots. Please update your code accordingly.
2026-07-20 10:08:41 [5,336ms] [Warning] [omni.isaac.wheeled_robots.controllers.stanley_control] omni.isaac.wheeled_robots has been deprecated in favor of isaacsim.robot.wheeled_robots. Please update your code accordingly.
2026-07-20 10:08:41 [5,336ms] [Warning] [omni.isaac.wheeled_robots.controllers.wheel_base_pose_controller] omni.isaac.wheeled_robots has been deprecated in favor of isaacsim.robot.wheeled_robots. Please update your code accordingly.
2026-07-20 10:08:41 [5,336ms] [Warning] [omni.isaac.wheeled_robots.impl] omni.isaac.wheeled_robots has been deprecated in favor of isaacsim.robot.wheeled_robots. Please update your code accordingly.
2026-07-20 10:08:41 [5,336ms] [Warning] [omni.isaac.wheeled_robots.robots] omni.isaac.wheeled_robots has been deprecated in favor of isaacsim.robot.wheeled_robots. Please update your code accordingly.
2026-07-20 10:08:41 [5,336ms] [Warning] [omni.isaac.wheeled_robots.robots.holonomic_robot_usd_setup] omni.isaac.wheeled_robots has been deprecated in favor of isaacsim.robot.wheeled_robots. Please update your code accordingly.
2026-07-20 10:08:41 [5,336ms] [Warning] [omni.isaac.wheeled_robots.robots.wheeled_robot] omni.isaac.wheeled_robots has been deprecated in favor of isaacsim.robot.wheeled_robots. Please update your code accordingly.
[5.346s] [ext: omni.isaac.franka-1.0.2] startup
2026-07-20 10:08:41 [5,340ms] [Warning] [omni.isaac.franka] omni.isaac.franka has been deprecated in favor of isaacsim.robot.manipulators.examples.franka. Please update your code accordingly.
2026-07-20 10:08:41 [5,341ms] [Warning] [omni.isaac.franka.franka] omni.isaac.franka has been deprecated in favor of isaacsim.robot.manipulators.examples.franka. Please update your code accordingly.
2026-07-20 10:08:41 [5,343ms] [Warning] [omni.isaac.franka.kinematics_solver] omni.isaac.franka has been deprecated in favor of isaacsim.robot.manipulators.examples.franka. Please update your code accordingly.
[5.351s] [ext: isaacsim.replicator.domain_randomization-1.0.2] startup
[5.355s] [ext: isaacsim.replicator.examples-1.1.2] startup
[5.357s] [ext: omni.kit.window.status_bar-0.1.7] startup
[5.363s] [ext: omni.rtx.window.settings-0.6.17] startup
[5.370s] [ext: omni.usd.metrics.assembler-106.5.0] startup
[5.389s] [ext: omni.physx.bundle-106.5.7] startup
[5.391s] [ext: isaacsim.app.about-2.0.7] startup
[5.394s] [ext: omni.replicator.isaac-2.0.3] startup
2026-07-20 10:08:41 [5,386ms] [Warning] [omni.replicator.isaac] omni.replicator.isaac has been deprecated in favor of isaacsim.replicator.domain_randomization, isaacsim.replicator.examples, isaacsim.replicator.writers. Please update your code accordingly.
[5.395s] [ext: omni.replicator.replicator_yaml-2.0.10] startup
[5.412s] [ext: omni.rtx.settings.core-0.6.3] startup
[5.421s] [ext: omni.usd.metrics.assembler.ui-106.5.0] startup
[5.429s] [ext: isaacsim.simulation_app-2.4.2] startup
[5.429s] [ext: omni.isaac.window.about-2.0.2] startup
2026-07-20 10:08:41 [5,421ms] [Warning] [omni.isaac.window.about] omni.isaac.window.about has been deprecated in favor of isaacsim.app.about. Please update your code accordingly.
2026-07-20 10:08:41 [5,422ms] [Warning] [omni.isaac.window.about.about] omni.isaac.window.about.about has been deprecated in favor of isaacsim.app.about.about. Please update your code accordingly.
[5.430s] [ext: semantics.schema.editor-0.3.10] startup
[5.433s] [ext: omni.kit.ui.actions-1.0.2] startup
[5.434s] [ext: semantics.schema.property-1.0.5] startup
[5.436s] [ext: omni.kit.manipulator.camera-106.0.3] startup
[5.442s] [ext: omni.isaac.kit-2.0.3] startup
2026-07-20 10:08:41 [5,434ms] [Warning] [omni.isaac.kit] omni.isaac.kit has been deprecated in favor of isaacsim.simulation_app. Please update your code accordingly.
[5.443s] [ext: omni.isaac.asset_browser-1.0.2] startup
2026-07-20 10:08:41 [5,435ms] [Warning] [omni.isaac.asset_browser] omni.isaac.asset_browser has been deprecated in favor of isaacsim.asset.browser. Please update your code accordingly.
[5.444s] [ext: isaacsim.core.throttling-2.0.2] startup
[5.446s] [ext: omni.kit.menu.common-1.1.9] startup
[5.449s] [ext: isaacsim.exp.base-4.5.0] startup
[5.449s] [ext: isaacsim.exp.base.python-4.5.0] startup
[5.451s] Simulation App Starting
2026-07-20 10:08:41 [5,822ms] [Warning] [omni.kvdb.plugin] Disabling key-value database because another kit process is locking it
2026-07-20 10:08:42 [5,963ms] [Warning] [rtx.scenedb.plugin] SceneDbContext : TLAS limit buffer size 7508933632
2026-07-20 10:08:42 [5,963ms] [Warning] [rtx.scenedb.plugin] SceneDbContext : TLAS limit : valid false, within: false
2026-07-20 10:08:42 [5,963ms] [Warning] [rtx.scenedb.plugin] SceneDbContext : TLAS limit : decrement: 167690, decrement size: 7433845248
2026-07-20 10:08:42 [5,963ms] [Warning] [rtx.scenedb.plugin] SceneDbContext : New limit 9574251 (slope: 447, intercept: 13179904)
2026-07-20 10:08:42 [5,963ms] [Warning] [rtx.scenedb.plugin] SceneDbContext : TLAS limit buffer size 4287216384
2026-07-20 10:08:42 [5,963ms] [Warning] [rtx.scenedb.plugin] SceneDbContext : TLAS limit : valid true, within: true
[6.001s] app ready
/home/alessandro/isaacsim/python.sh: line 41:  9151 Killed                  $python_exe "$@" $args
There was an error running python
