[Info] [carb] Logging to file: /home/alessandro/isaacsim/kit/logs/Kit/Isaac-Sim Python/4.5/kit_20260723_105144.log
2026-07-23 09:51:44 [0ms] [Warning] [omni.kit.app.plugin] No crash reporter present, dumps uploading isn't available.
[0.029s] [ext: omni.kit.async_engine-0.0.1] startup
[0.306s] [ext: omni.metrics.core-0.0.1] startup
[0.306s] [ext: omni.client.lib-1.0.0] startup
[0.323s] [ext: omni.blobkey-1.1.2] startup
[0.323s] [ext: omni.stats-1.0.1] startup
[0.324s] [ext: omni.datastore-0.0.0] startup
[0.328s] [ext: omni.client-1.2.2] startup
[0.383s] [ext: omni.ujitso.default-1.0.0] startup
[0.385s] [ext: omni.hsscclient-1.1.1] startup
[0.388s] [ext: omni.gpu_foundation.shadercache.vulkan-1.0.0] startup
[0.394s] [ext: omni.assets.plugins-0.0.0] startup
[0.394s] [ext: omni.gpu_foundation-0.0.0] startup
[0.399s] [ext: carb.windowing.plugins-1.0.0] startup
[0.405s] [ext: omni.kit.renderer.init-0.0.0] startup
2026-07-23 09:51:45 [631ms] [Warning] [gpu.foundation.plugin] Skipping unsupported non-NVIDIA GPU: Intel(R) Graphics (RPL-P)
2026-07-23 09:51:45 [631ms] [Warning] [gpu.foundation.plugin] Skipping unsupported non-NVIDIA GPU: Intel(R) Graphics (RPL-P)

|---------------------------------------------------------------------------------------------|
| Driver Version: 575.57.08     | Graphics API: Vulkan
|=============================================================================================|
| GPU | Name                             | Active | LDA | GPU Memory | Vendor-ID | LUID       |
|     |                                  |        |     |            | Device-ID | UUID       |
|     |                                  |        |     |            | Bus-ID    |            |
|---------------------------------------------------------------------------------------------|
| 0   | NVIDIA GeForce RTX 4080 Laptop.. | Yes: 0 |     | 12282   MB | 10de      | 0          |
|     |                                  |        |     |            | 27e0      | d30f32f4.. |
|     |                                  |        |     |            | 1         |            |
|---------------------------------------------------------------------------------------------|
| 1   | Intel(R) Graphics (RPL-P)        |        |     | 23831   MB | 8086      | 0          |
|     |                                  |        |     |            | a7a0      | 8680a0a7.. |
|     |                                  |        |     |            | 0         |            |
|=============================================================================================|
| OS: 22.04.5 LTS (Jammy Jellyfish) ubuntu, Version: 22.04.5, Kernel: 6.8.0-124-generic
| XServer Vendor: The X.Org Foundation, XServer Version: 12101004 (1.21.1.4)
| Processor: 13th Gen Intel(R) Core(TM) i9-13900HK
| Bare Metal Cores: 14 | Bare Metal Logical Cores: 28
| Available Cores:  20 
|---------------------------------------------------------------------------------------------|
| Total Memory (MB): 31775 | Free Memory: 26080
| Total Page/Swap (MB): 2047 | Free Page/Swap: 2047
|---------------------------------------------------------------------------------------------|
2026-07-23 09:51:45 [895ms] [Warning] [gpu.foundation.plugin] IOMMU is enabled.
2026-07-23 09:51:45 [895ms] [Warning] [gpu.foundation.plugin] Detected IOMMU is enabled. Running CUDA peer-to-peer bandwidth and latency validation.
Unidirectional P2P=Enabled Bandwidth (P2P Writes) Matrix (GB/s)
   D\D     0 
     0 323.63 
P2P=Enabled Latency (P2P Writes) Matrix (us)
   GPU     0 
     0   1.42 

   CPU     0 
     0   1.37 
[1.019s] [ext: omni.kit.pipapi-0.0.0] startup
[1.020s] [ext: omni.kit.pip_archive-0.0.0] startup
[1.021s] [ext: omni.pip.compute-1.4.5] startup
[1.021s] [ext: omni.materialx.libs-1.0.6] startup
[1.026s] [ext: omni.kit.telemetry-0.5.1] startup
[1.040s] [ext: omni.pip.cloud-1.1.7] startup
[1.042s] [ext: omni.isaac.core_archive-2.3.3] startup
[1.043s] [ext: omni.usd.config-1.0.5] startup
[1.045s] [ext: omni.gpucompute.plugins-0.0.0] startup
[1.045s] [ext: omni.usd.libs-1.0.1] startup
[1.102s] [ext: omni.isaac.ml_archive-2.1.2] startup
[1.103s] [ext: omni.mdl-55.0.1] startup
[1.119s] [ext: omni.iray.libs-0.0.0] startup
[1.122s] [ext: omni.mdl.neuraylib-0.2.10] startup
[1.123s] [ext: omni.kit.usd.mdl-1.0.7] startup
[1.195s] [ext: omni.kit.loop-isaac-1.2.1] startup
[1.195s] [ext: omni.kit.test-1.1.2] startup
[1.230s] [ext: omni.appwindow-1.1.9] startup
[1.892s] [ext: omni.kit.renderer.core-1.0.2] startup
[4.111s] [ext: omni.kit.renderer.capture-0.0.0] startup
[4.113s] [ext: omni.kit.renderer.imgui-1.0.2] startup
[4.165s] [ext: omni.ui-2.26.5] startup
[4.172s] [ext: omni.kit.mainwindow-1.0.3] startup
[4.173s] [ext: carb.audio-0.1.0] startup
[4.175s] [ext: omni.uiaudio-1.0.0] startup
[4.176s] [ext: omni.kit.uiapp-0.0.0] startup
[4.176s] [ext: omni.usd.schema.metrics.assembler-106.5.0] startup
[4.182s] [ext: omni.usd.schema.anim-0.0.0] startup
[4.197s] [ext: omni.usd.schema.isaac-3.0.2] startup
[4.197s] [ext: omni.usd.schema.geospatial-0.0.0] startup
[4.199s] [ext: omni.usd.schema.physx-106.5.7] startup
[4.223s] [ext: omni.usd.schema.audio-0.0.0] startup
[4.225s] [ext: omni.usd.schema.semantics-0.0.0] startup
[4.227s] [ext: omni.usd_resolver-1.0.0] startup
[4.229s] [ext: usdrt.scenegraph-7.5.1] startup
[4.258s] [ext: omni.kit.actions.core-1.0.0] startup
[4.259s] [ext: omni.timeline-1.0.11] startup
[4.260s] [ext: omni.usd.core-1.4.2] startup
[4.262s] [ext: omni.resourcemonitor-107.0.0] startup
[4.263s] [ext: omni.activity.core-1.0.1] startup
[4.264s] [ext: omni.kit.audiodeviceenum-1.0.1] startup
[4.265s] [ext: omni.hydra.usdrt_delegate-7.5.1] startup
[4.273s] [ext: omni.graph.exec-0.9.4] startup
[4.273s] [ext: omni.kit.window.popup_dialog-2.0.24] startup
[4.276s] [ext: omni.kit.exec.core-0.13.4] startup
[4.277s] [ext: omni.kit.widget.nucleus_connector-1.1.10] startup
[4.278s] [ext: omni.kit.usd_undo-0.1.8] startup
[4.279s] [ext: omni.kit.commands-1.4.9] startup
[4.281s] [ext: omni.hydra.scene_delegate-0.3.3] startup
[4.284s] [ext: omni.usd-1.12.4] startup
[4.320s] [ext: omni.kit.asset_converter-2.8.3] startup
[4.328s] [ext: omni.usd.schema.omniscripting-1.0.0] startup
[4.331s] [ext: omni.usd.schema.omnigraph-1.0.0] startup
[4.336s] [ext: omni.usd.schema.forcefield-106.5.7] startup
[4.340s] [ext: isaacsim.robot.schema-3.1.2] startup
[4.345s] [ext: omni.inspect-1.0.1] startup
[4.346s] [ext: omni.kit.notification_manager-1.0.9] startup
[4.347s] [ext: omni.graph.core-2.181.8] startup
[4.349s] [ext: isaacsim.core.deprecation_manager-0.2.2] startup
[4.350s] [ext: omni.index.libs-380600.1777.0] startup
[4.350s] [ext: omni.ujitso.processor.texture-1.0.0] startup
[4.350s] [ext: omni.index-1.0.1] startup
[4.351s] [ext: omni.kit.widget.path_field-2.0.11] startup
[4.351s] [ext: omni.volume-0.5.0] startup
[4.355s] [ext: omni.ujitso.client-0.0.0] startup
[4.355s] [ext: omni.hydra.rtx.shadercache.vulkan-1.0.0] startup
[4.356s] [ext: omni.kit.widget.browser_bar-2.0.10] startup
[4.357s] [ext: omni.kit.clipboard-1.0.5] startup
[4.357s] [ext: omni.hydra.rtx-1.0.0] startup
2026-07-23 09:51:48 [4,356ms] [Warning] [omni.log] Source: omni.hydra was already registered.
[4.374s] [ext: omni.kit.viewport.registry-104.0.6] startup
[4.374s] [ext: omni.kit.helper.file_utils-0.1.9] startup
[4.375s] [ext: omni.kit.widget.options_menu-1.1.6] startup
[4.377s] [ext: omni.kit.menu.core-1.1.2] startup
[4.378s] [ext: omni.kit.widget.filebrowser-2.10.52] startup
[4.381s] [ext: omni.ui.scene-1.11.2] startup
[4.384s] [ext: omni.kit.widget.options_button-1.0.3] startup
[4.384s] [ext: omni.kit.widget.context_menu-1.2.4] startup
[4.385s] [ext: omni.kit.viewport.legacy_gizmos-1.0.16] startup
[4.387s] [ext: omni.kit.usd.layers-2.2.0] startup
[4.393s] [ext: omni.kit.window.filepicker-2.11.7] startup
[4.400s] [ext: omni.kit.hydra_texture-1.4.0] startup
[4.404s] [ext: omni.kit.viewport.scene_camera_model-1.0.5] startup
[4.407s] [ext: omni.kit.context_menu-1.8.3] startup
[4.409s] [ext: omni.kit.window.file_importer-1.1.14] startup
[4.410s] [ext: omni.kit.menu.utils-1.7.7] startup
[4.415s] [ext: omni.kit.widget.viewport-107.0.7] startup
[4.417s] [ext: omni.kit.window.drop_support-1.0.4] startup
[4.418s] [ext: omni.kit.raycast.query-1.0.5] startup
[4.422s] [ext: omni.kit.material.library-1.5.15] startup
[4.425s] [ext: omni.hydra.engine.stats-1.0.3] startup
[4.427s] [ext: omni.kit.viewport.window-107.0.8] startup
[4.439s] [ext: omni.warp.core-1.5.0] startup
[4.625s] [ext: omni.kit.viewport.utility-1.0.18] startup
[4.625s] [ext: omni.kit.hotkeys.core-1.3.10] startup
[4.626s] [ext: omni.kit.widget.prompt-1.0.7] startup
[4.627s] [ext: omni.kit.usd.collect-2.2.22] startup
[4.630s] [ext: omni.kit.window.content_browser_registry-0.0.6] startup
[4.631s] [ext: omni.graph.tools-1.79.1] startup
[4.646s] [ext: omni.kit.window.file_exporter-1.0.31] startup
[4.647s] [ext: omni.kit.stage_template.core-1.1.22] startup
[4.647s] [ext: omni.graph.image.core-0.6.0] startup
[4.648s] [ext: omni.graph.action_core-1.1.7] startup
[4.650s] [ext: omni.graph-1.140.2] startup
[4.678s] [ext: omni.kit.window.file-1.3.57] startup
[4.680s] [ext: omni.kit.widget.filter-1.1.4] startup
[4.681s] [ext: omni.graph.image.nodes-1.3.0] startup
[4.684s] [ext: omni.graph.action_nodes-1.40.1] startup
[4.686s] [ext: omni.kit.window.content_browser-2.10.3] startup
[4.702s] [ext: omni.kvdb-106.5.7] startup
[4.705s] [ext: omni.graph.action-1.120.0] startup
[4.706s] [ext: omni.kit.tool.collect-2.2.16] startup
[4.709s] [ext: omni.graph.nodes-1.162.1] startup
[4.717s] [ext: omni.kit.widget.searchfield-1.1.8] startup
[4.719s] [ext: omni.localcache-106.5.7] startup
[4.721s] [ext: omni.convexdecomposition-106.5.7] startup
[4.727s] [ext: omni.kit.widget.stage_icons-1.0.6] startup
[4.730s] [ext: omni.kit.widget.stage-2.11.6] startup
[4.752s] [ext: omni.usdphysics-106.5.7] startup
[4.755s] [ext: omni.physx.foundation-106.5.7] startup
[4.757s] [ext: omni.physics.tensors-106.5.7] startup
[4.763s] [ext: omni.kit.window.stage-2.5.11] startup
[4.766s] [ext: omni.kit.property.adapter.core-1.0.2] startup
[4.768s] [ext: omni.physx.cooking-106.5.7] startup
[4.775s] [ext: omni.kit.widget.zoombar-1.0.5] startup
[4.776s] [ext: omni.kit.widget.highlight_label-1.0.3] startup
[4.777s] [ext: omni.kit.property.adapter.usd-1.0.2] startup
[4.778s] [ext: omni.kit.property.adapter.fabric-1.0.3] startup
[4.780s] [ext: omni.physx-106.5.7] startup
[4.791s] [ext: omni.kit.browser.core-2.3.11] startup
[4.795s] [ext: omni.kit.window.property-1.11.5] startup
[4.797s] [ext: omni.kit.widget.text_editor-1.0.2] startup
[4.798s] [ext: omni.kit.property.usd-4.2.16] startup
[4.806s] [ext: omni.physx.tensors-106.5.7] startup
[4.810s] [ext: omni.kit.menu.stage-1.2.5] startup
[4.811s] [ext: omni.kit.browser.folder.core-1.10.1] startup
[4.816s] [ext: omni.warp-1.5.0] startup
[4.820s] [ext: isaacsim.examples.browser-0.1.8] startup
[4.824s] [ext: omni.physx.stageupdate-106.5.7] startup
[4.827s] [ext: omni.kit.numpy.common-0.1.2] startup
[4.829s] [ext: isaacsim.core.version-2.0.2] startup
[4.830s] [ext: omni.isaac.dynamic_control-1.3.15] startup
2026-07-23 09:51:49 [4,845ms] [Warning] [omni.isaac.dynamic_control] omni.isaac.dynamic_control is deprecated as of Isaac Sim 4.5. No action is needed from end-users.
[4.856s] [ext: isaacsim.storage.native-1.0.6] startup
[4.863s] [ext: omni.kit.menu.create-1.0.17] startup
[4.876s] [ext: isaacsim.core.utils-2.2.8] startup
[4.879s] [ext: omni.kit.widget.searchable_combobox-1.0.6] startup
[4.891s] [ext: omni.kit.primitive.mesh-1.0.17] startup
[4.901s] [ext: isaacsim.core.simulation_manager-0.3.3] startup
[5.800s] [ext: omni.kit.scripting-106.5.2] startup
[5.804s] [ext: omni.kit.stage_templates-1.2.6] startup
[5.806s] [ext: isaacsim.core.prims-0.3.7] startup
[5.820s] [ext: isaacsim.replicator.behavior-1.0.8] startup
[5.821s] [ext: isaacsim.core.api-4.2.16] startup
[5.828s] [ext: omni.ui_query-1.1.7] startup
[5.830s] [ext: omni.kit.manipulator.viewport-107.0.1] startup
[5.831s] [ext: omni.kit.ui_test-1.3.3] startup
[5.833s] [ext: omni.kit.window.extensions-1.4.25] startup
[5.837s] [ext: omni.graph.visualization.nodes-2.1.1] startup
[5.841s] [ext: omni.kit.tool.asset_importer-2.12.2] startup
[5.850s] [ext: isaacsim.gui.components-1.0.9] startup
[5.855s] [ext: omni.kit.widget.settings-1.2.2] startup
[5.859s] [ext: omni.kit.widget.graph-1.12.17] startup
[5.864s] [ext: omni.kit.window.preferences-1.7.0] startup
[5.868s] [ext: omni.kit.graph.delegate.default-1.2.2] startup
[5.869s] [ext: omni.kit.viewport.menubar.core-107.1.2] startup
[5.880s] [ext: omni.kit.widget.material_preview-1.0.16] startup
[5.882s] [ext: omni.kit.graph.usd.commands-1.3.1] startup
[5.884s] [ext: omni.kit.graph.editor.core-1.5.3] startup
[5.886s] [ext: omni.syntheticdata-0.6.10] startup
[5.905s] [ext: omni.kit.window.material_graph-1.8.19] startup
[5.930s] [ext: omni.graph.scriptnode-1.40.1] startup
[5.932s] [ext: isaacsim.core.cloner-1.3.4] startup
[5.934s] [ext: omni.replicator.core-1.11.35] startup
2026-07-23 09:51:50 [5,995ms] [Warning] [omni.replicator.core.scripts.extension] No material configuration file, adding configuration to material settings directly.
[6.004s] [ext: omni.isaac.cloner-1.0.2] startup
2026-07-23 09:51:50 [5,998ms] [Warning] [omni.isaac.cloner] omni.isaac.cloner has been deprecated in favor of isaacsim.core.cloner. Please update your code accordingly.
[6.006s] [ext: isaacsim.core.nodes-2.1.4] startup
[6.013s] [ext: isaacsim.asset.importer.urdf-2.3.10] startup
[6.108s] [ext: omni.isaac.core-4.0.3] startup
2026-07-23 09:51:50 [6,104ms] [Warning] [omni.isaac.core.physics_context.physics_context] omni.isaac.core.physics_context.physics_context has been deprecated in favor of isaacsim.core.api.physics_context.physics_context. Please update your code accordingly.
2026-07-23 09:51:50 [6,105ms] [Warning] [omni.isaac.core.simulation_context.simulation_context] omni.isaac.core.simulation_context.simulation_context has been deprecated in favor of isaacsim.core.api.simulation_context.simulation_context. Please update your code accordingly.
2026-07-23 09:51:50 [6,105ms] [Warning] [omni.isaac.core.world.world] omni.isaac.core.world.world has been deprecated in favor of isaacsim.core.api.world.world. Please update your code accordingly.
2026-07-23 09:51:50 [6,105ms] [Warning] [omni.isaac.core] omni.isaac.core has been deprecated in favor of isaacsim.core.api. Please update your code accordingly.
[6.113s] [ext: omni.isaac.core_nodes-2.0.2] startup
2026-07-23 09:51:50 [6,109ms] [Warning] [omni.isaac.core_nodes] omni.isaac.core_nodes has been deprecated in favor of isaacsim.core.nodes. Please update your code accordingly.
[6.117s] [ext: omni.anim.curve.core-1.2.0] startup
[6.144s] [ext: isaacsim.robot_motion.lula-4.0.4] startup
[6.155s] [ext: isaacsim.asset.importer.mjcf-2.3.3] startup
[6.164s] [ext: isaacsim.robot_motion.motion_generation-8.0.6] startup
[6.179s] [ext: isaacsim.asset.browser-1.3.4] startup
[6.248s] [ext: isaacsim.robot.surface_gripper-2.0.6] startup
[6.251s] [ext: omni.kit.selection-0.1.5] startup
[6.254s] [ext: isaacsim.robot_motion.lula_test_widget-1.0.5] startup
[6.259s] [ext: omni.isaac.assets_check-0.3.9] startup
2026-07-23 09:51:50 [6,253ms] [Warning] [omni.isaac.assets_check] omni.isaac.assets_check has been deprecated in favor of isaacsim.asset.browser. Please update your code accordingly.
[6.261s] [ext: isaacsim.robot.manipulators-3.0.4] startup
[6.265s] [ext: isaacsim.sensors.physics-0.3.5] startup
[6.273s] [ext: isaacsim.gui.menu-2.0.9] startup
[6.285s] [ext: omni.isaac.lula_test_widget-1.0.2] startup
2026-07-23 09:51:50 [6,279ms] [Warning] [omni.isaac.lula_test_widget] omni.isaac.lula_test_widget has been deprecated in favor of isaacsim.robot_motion.lula_test_widget. Please update your code accordingly.
[6.288s] [ext: omni.sensors.nv.common-2.5.0-coreapi] startup
[6.297s] [ext: omni.isaac.manipulators-3.0.3] startup
2026-07-23 09:51:50 [6,290ms] [Warning] [omni.isaac.manipulators] omni.isaac.manipulators has been deprecated in favor of isaacsim.robot.manipulators. Please update your code accordingly.
2026-07-23 09:51:50 [6,290ms] [Warning] [omni.isaac.manipulators.controllers] omni.isaac.manipulators has been deprecated in favor of isaacsim.robot.manipulators. Please update your code accordingly.
2026-07-23 09:51:50 [6,290ms] [Warning] [omni.isaac.manipulators.controllers.pick_place_controller] omni.isaac.manipulators has been deprecated in favor of isaacsim.robot.manipulators. Please update your code accordingly.
2026-07-23 09:51:50 [6,290ms] [Warning] [omni.isaac.manipulators.controllers.stacking_controller] omni.isaac.manipulators has been deprecated in favor of isaacsim.robot.manipulators. Please update your code accordingly.
2026-07-23 09:51:50 [6,290ms] [Warning] [omni.isaac.manipulators.grippers] omni.isaac.manipulators has been deprecated in favor of isaacsim.robot.manipulators. Please update your code accordingly.
2026-07-23 09:51:50 [6,290ms] [Warning] [omni.isaac.manipulators.grippers.gripper] omni.isaac.manipulators has been deprecated in favor of isaacsim.robot.manipulators. Please update your code accordingly.
2026-07-23 09:51:50 [6,290ms] [Warning] [omni.isaac.manipulators.grippers.parallel_gripper] omni.isaac.manipulators has been deprecated in favor of isaacsim.robot.manipulators. Please update your code accordingly.
2026-07-23 09:51:50 [6,290ms] [Warning] [omni.isaac.manipulators.grippers.surface_gripper] omni.isaac.manipulators has been deprecated in favor of isaacsim.robot.manipulators. Please update your code accordingly.
2026-07-23 09:51:50 [6,290ms] [Warning] [omni.isaac.manipulators.manipulators] omni.isaac.manipulators has been deprecated in favor of isaacsim.robot.manipulators. Please update your code accordingly.
2026-07-23 09:51:50 [6,290ms] [Warning] [omni.isaac.manipulators.manipulators.single_manipulator] omni.isaac.manipulators has been deprecated in favor of isaacsim.robot.manipulators. Please update your code accordingly.
[6.298s] [ext: isaacsim.robot.policy.examples-4.0.3] startup
[6.300s] [ext: omni.isaac.menu-1.0.2] startup
2026-07-23 09:51:50 [6,294ms] [Warning] [omni.isaac.menu] omni.isaac.menu has been deprecated in favor of isaacsim.gui.menu. Please update your code accordingly.
[6.302s] [ext: omni.isaac.motion_generation-8.0.2] startup
2026-07-23 09:51:50 [6,296ms] [Warning] [omni.isaac.motion_generation] omni.isaac.motion_generation has been deprecated in favor of isaacsim.robot_motion.motion_generation. Please update your code accordingly.
2026-07-23 09:51:50 [6,296ms] [Warning] [omni.isaac.motion_generation.articulation_kinematics_solver] omni.isaac.motion_generation has been deprecated in favor of isaacsim.robot_motion.motion_generation. Please update your code accordingly.
2026-07-23 09:51:50 [6,298ms] [Warning] [omni.isaac.motion_generation.articulation_motion_policy] omni.isaac.motion_generation has been deprecated in favor of isaacsim.robot_motion.motion_generation. Please update your code accordingly.
2026-07-23 09:51:50 [6,298ms] [Warning] [omni.isaac.motion_generation.articulation_trajectory] omni.isaac.motion_generation has been deprecated in favor of isaacsim.robot_motion.motion_generation. Please update your code accordingly.
2026-07-23 09:51:50 [6,298ms] [Warning] [omni.isaac.motion_generation.kinematics_interface] omni.isaac.motion_generation has been deprecated in favor of isaacsim.robot_motion.motion_generation. Please update your code accordingly.
2026-07-23 09:51:50 [6,298ms] [Warning] [omni.isaac.motion_generation.lula] omni.isaac.motion_generation has been deprecated in favor of isaacsim.robot_motion.motion_generation. Please update your code accordingly.
2026-07-23 09:51:50 [6,298ms] [Warning] [omni.isaac.motion_generation.lula.kinematics] omni.isaac.motion_generation has been deprecated in favor of isaacsim.robot_motion.motion_generation. Please update your code accordingly.
2026-07-23 09:51:50 [6,299ms] [Warning] [omni.isaac.motion_generation.lula.motion_policies] omni.isaac.motion_generation has been deprecated in favor of isaacsim.robot_motion.motion_generation. Please update your code accordingly.
2026-07-23 09:51:50 [6,299ms] [Warning] [omni.isaac.motion_generation.lula.path_planners] omni.isaac.motion_generation has been deprecated in favor of isaacsim.robot_motion.motion_generation. Please update your code accordingly.
2026-07-23 09:51:50 [6,299ms] [Warning] [omni.isaac.motion_generation.lula.trajectory_generator] omni.isaac.motion_generation has been deprecated in favor of isaacsim.robot_motion.motion_generation. Please update your code accordingly.
2026-07-23 09:51:50 [6,299ms] [Warning] [omni.isaac.motion_generation.motion_policy_controller] omni.isaac.motion_generation has been deprecated in favor of isaacsim.robot_motion.motion_generation. Please update your code accordingly.
2026-07-23 09:51:50 [6,299ms] [Warning] [omni.isaac.motion_generation.motion_policy_interface] omni.isaac.motion_generation has been deprecated in favor of isaacsim.robot_motion.motion_generation. Please update your code accordingly.
2026-07-23 09:51:50 [6,299ms] [Warning] [omni.isaac.motion_generation.path_planner_visualizer] omni.isaac.motion_generation has been deprecated in favor of isaacsim.robot_motion.motion_generation. Please update your code accordingly.
2026-07-23 09:51:50 [6,299ms] [Warning] [omni.isaac.motion_generation.path_planning_interface] omni.isaac.motion_generation has been deprecated in favor of isaacsim.robot_motion.motion_generation. Please update your code accordingly.
2026-07-23 09:51:50 [6,300ms] [Warning] [omni.isaac.motion_generation.trajectory] omni.isaac.motion_generation has been deprecated in favor of isaacsim.robot_motion.motion_generation. Please update your code accordingly.
2026-07-23 09:51:50 [6,300ms] [Warning] [omni.isaac.motion_generation.world_interface] omni.isaac.motion_generation has been deprecated in favor of isaacsim.robot_motion.motion_generation. Please update your code accordingly.
[6.308s] [ext: omni.sensors.nv.materials-1.4.0-coreapi] startup
[6.310s] [ext: omni.isaac.nucleus-1.0.3] startup
2026-07-23 09:51:50 [6,303ms] [Warning] [omni.isaac.nucleus] omni.isaac.nucleus has been deprecated in favor of isaacsim.storage.native. Please update your code accordingly.
2026-07-23 09:51:50 [6,303ms] [Warning] [omni.isaac.nucleus.nucleus] omni.isaac.nucleus.nucleus has been deprecated in favor of isaacsim.storage.native. Please update your code accordingly.
[6.311s] [ext: omni.isaac.quadruped-3.0.2] startup
2026-07-23 09:51:50 [6,304ms] [Warning] [omni.isaac.quadruped] omni.isaac.quadruped has been deprecated in favor of isaacsim.robot.policy.examples. Please update your code accordingly.
[6.312s] [ext: omni.kit.manipulator.selector-1.1.1] startup
[6.314s] [ext: omni.sensors.nv.wpm-2.4.0-coreapi] startup
[6.315s] [ext: omni.sensors.nv.lidar-2.6.3-coreapi] startup
[6.319s] [ext: omni.sensors.nv.ids-1.4.0-coreapi] startup
[6.323s] [ext: isaacsim.robot.manipulators.examples-1.0.3] startup
[6.324s] [ext: isaacsim.util.debug_draw-2.0.2] startup
[6.327s] [ext: omni.sensors.tiled-0.0.6] startup
[6.329s] [ext: omni.sensors.nv.radar-2.6.1-coreapi] startup
[6.334s] [ext: omni.kit.widget.toolbar-1.7.3] startup
[6.339s] [ext: omni.kit.manipulator.transform-106.0.1] startup
[6.345s] [ext: isaacsim.sensors.physx-2.2.4] startup
[6.352s] [ext: isaacsim.sensors.rtx-13.6.3] startup
[6.358s] [ext: isaacsim.sensors.camera-0.2.9] startup
[6.366s] [ext: isaacsim.cortex.framework-1.0.2] startup
[6.368s] [ext: omni.kit.manipulator.tool.snap-1.5.12] startup
[6.380s] [ext: omni.isaac.range_sensor-4.0.2] startup
[6.383s] [ext: omni.isaac.surface_gripper-2.0.2] startup
2026-07-23 09:51:50 [6,377ms] [Warning] [omni.isaac.surface_gripper] omni.isaac.surface_gripper has been deprecated in favor of isaacsim.robot.surface_gripper. Please update your code accordingly.
[6.385s] [ext: omni.isaac.sensor-13.0.3] startup
2026-07-23 09:51:50 [6,379ms] [Warning] [omni.isaac.sensor] omni.isaac.sensor has been deprecated in favor of isaacsim.sensors.camera, isaacsim.sensors.physics, isaacsim.sensors.physx, and isaacsim.sensors.rtx. Please update your code accordingly.
2026-07-23 09:51:50 [6,379ms] [Warning] [omni.isaac.sensor.camera] omni.isaac.sensor.camera has been deprecated in favor of isaacsim.sensors.camera.camera. Please update your code accordingly.
2026-07-23 09:51:50 [6,379ms] [Warning] [omni.isaac.sensor.camera_view] omni.isaac.sensor.camera_view has been deprecated in favor of isaacsim.sensors.camera.camera_view. Please update your code accordingly.
2026-07-23 09:51:50 [6,380ms] [Warning] [omni.isaac.sensor.commands] omni.isaac.sensor.commands has been deprecated in favor of isaacsim.sensors.physics.commands, isaacsim.sensors.physx.commands, and isaacsim.sensors.rtx.commands. Please update your code accordingly.
2026-07-23 09:51:50 [6,380ms] [Warning] [omni.isaac.sensor.contact_sensor] omni.isaac.sensor.contact_sensor has been deprecated in favor of isaacsim.sensors.physics.contact_sensor. Please update your code accordingly.
2026-07-23 09:51:50 [6,380ms] [Warning] [omni.isaac.sensor.imu_sensor] omni.isaac.sensor.imu_sensor has been deprecated in favor of isaacsim.sensors.physics.imu_sensor. Please update your code accordingly.
2026-07-23 09:51:50 [6,380ms] [Warning] [omni.isaac.sensor.lidar_rtx] omni.isaac.sensor.lidar_rtx has been deprecated in favor of isaacsim.sensors.rtx.lidar_rtx. Please update your code accordingly.
2026-07-23 09:51:50 [6,380ms] [Warning] [omni.isaac.sensor.rotating_lidar_physX] omni.isaac.sensor.imu_sensor has been deprecated in favor of isaacsim.sensors.physix.rotating_lidar_physX. Please update your code accordingly.
2026-07-23 09:51:50 [6,381ms] [Warning] [omni.isaac.sensor.scripts.samples.contact_sensor] omni.isaac.sensor.scripts.samples.contact_sensor has been deprecated in favor of isaacsim.sensors.physics.scripts.samples.contact_sensor. Please update your code accordingly.
2026-07-23 09:51:50 [6,381ms] [Warning] [omni.isaac.sensor.scripts.samples.imu_sensor] omni.isaac.sensor.scripts.samples.imu_sensor has been deprecated in favor of isaacsim.sensors.physics.scripts.samples.imu_sensor. Please update your code accordingly.
2026-07-23 09:51:50 [6,381ms] [Warning] [omni.isaac.sensor.scripts.samples.lightbeam_sensor] omni.isaac.sensor.scripts.samples.lightbeam_sensor has been deprecated in favor of isaacsim.sensors.physx.scripts.samples.lightbeam_sensor. Please update your code accordingly.
[6.389s] [ext: omni.isaac.cortex-1.0.2] startup
2026-07-23 09:51:50 [6,382ms] [Warning] [omni.isaac.cortex] omni.isaac.cortex has been deprecated in favor of isaacsim.cortex.framework. Please update your code accordingly.
[6.390s] [ext: omni.kit.viewport.manipulator.transform-107.0.4] startup
[6.393s] [ext: omni.debugdraw-0.1.3] startup
[6.399s] [ext: omni.isaac.universal_robots-1.0.2] startup
2026-07-23 09:51:50 [6,392ms] [Warning] [omni.isaac.universal_robots] omni.isaac.universal_robots has been deprecated in favor of isaacsim.robot.manipulators.examples.universal_robots. Please update your code accordingly.
2026-07-23 09:51:50 [6,392ms] [Warning] [omni.isaac.universal_robots.kinematics_solver] omni.isaac.franka has been deprecated in favor of isaacsim.robot.manipulators.examples.universal_robots. Please update your code accordingly.
2026-07-23 09:51:50 [6,392ms] [Warning] [omni.isaac.universal_robots.ur10] omni.isaac.franka has been deprecated in favor of isaacsim.robot.manipulators.examples.universal_robots. Please update your code accordingly.
[6.400s] [ext: omni.isaac.utils-2.0.2] startup
[6.402s] [ext: omni.kit.manipulator.prim.core-107.0.7] startup
[6.409s] [ext: omni.fabric.commands-1.1.5] startup
[6.412s] [ext: omni.kit.manipulator.selection-106.0.1] startup
[6.413s] [ext: omni.kit.viewport.actions-107.0.0] startup
[6.416s] [ext: omni.kit.manipulator.prim.usd-107.0.3] startup
[6.418s] [ext: omni.kit.manipulator.prim.fabric-107.0.4] startup
[6.419s] [ext: isaacsim.cortex.behaviors-2.0.3] startup
[6.420s] [ext: omni.kit.widget.layers-1.8.2] startup
[6.432s] [ext: omni.kit.viewport.menubar.display-107.0.3] startup
[6.433s] [ext: omni.kit.manipulator.prim-107.0.0] startup
[6.433s] [ext: omni.isaac.cortex.sample_behaviors-2.0.2] startup
2026-07-23 09:51:50 [6,426ms] [Warning] [omni.isaac.cortex.sample_behaviors] omni.isaac.cortex.sample_behaviors has been deprecated in favor of isaacsim.cortex.behaviors. Please update your code accordingly.
[6.434s] [ext: omni.graph.ui_nodes-1.40.1] startup
[6.438s] [ext: omni.usdphysics.ui-106.5.7] startup
[6.467s] [ext: omni.physx.commands-106.5.7] startup
[6.472s] [ext: omni.kit.property.camera-1.0.9] startup
[6.474s] [ext: omni.hydra.scene_api-0.1.2] startup
[6.478s] [ext: omni.kit.property.geometry-1.3.3] startup
[6.481s] [ext: omni.kit.property.light-1.0.11] startup
[6.482s] [ext: omni.physx.ui-106.5.7] startup
[6.507s] [ext: omni.kit.property.material-1.10.17] startup
[6.512s] [ext: omni.kit.property.render-1.1.3] startup
[6.514s] [ext: omni.kit.property.transform-1.5.10] startup
[6.516s] [ext: omni.kit.property.audio-1.0.16] startup
[6.518s] [ext: isaacsim.gui.property-1.0.4] startup
[6.519s] [ext: omni.physx.demos-106.5.7] startup
[6.531s] [ext: omni.kit.property.physx-106.5.7] startup
[6.559s] [ext: omni.isaac.lula-4.0.2] startup
2026-07-23 09:51:51 [6,553ms] [Warning] [omni.isaac.lula] omni.isaac.lula has been deprecated in favor of isaacsim.robot_motion.lula. Please update your code accordingly.
[6.561s] [ext: omni.kit.property.bundle-1.3.2] startup
[6.562s] [ext: omni.kit.property.isaac-1.0.2] startup
2026-07-23 09:51:51 [6,555ms] [Warning] [omni.kit.property.isaac] omni.kit.property.isaac has been deprecated in favor of isaacsim.gui.property. Please update your code accordingly.
2026-07-23 09:51:51 [6,555ms] [Warning] [omni.kit.property.isaac.widgets] omni.kit.property.isaac.widgets has been deprecated in favor of isaacsim.gui.property.widgets. Please update your code accordingly.
[6.563s] [ext: omni.physx.vehicle-106.5.7] startup
[6.577s] [ext: omni.kit.viewport.menubar.camera-107.0.2] startup
[6.581s] [ext: omni.kit.viewport.menubar.lighting-106.0.2] startup
[6.583s] [ext: omni.kit.viewport.menubar.render-107.0.8] startup
[6.586s] [ext: omni.kit.viewport.menubar.settings-107.0.3] startup
[6.590s] [ext: omni.kit.window.console-0.2.14] startup
[6.597s] [ext: omni.physx.camera-106.5.7] startup
[6.606s] [ext: omni.kit.window.toolbar-1.6.2] startup
[6.609s] [ext: omni.isaac.version-2.0.2] startup
2026-07-23 09:51:51 [6,603ms] [Warning] [omni.isaac.version] omni.isaac.version has been deprecated in favor of isaacsim.core.version. Please update your code accordingly.
[6.611s] [ext: isaacsim.robot.wheeled_robots-4.0.3] startup
[6.617s] [ext: omni.physx.cct-106.5.7] startup
[6.628s] [ext: omni.physx.graph-106.5.7] startup
[6.644s] [ext: isaacsim.replicator.writers-1.0.1] startup
[6.678s] [ext: omni.physx.supportui-106.5.7] startup
[6.704s] [ext: omni.physx.telemetry-106.5.7] startup
[6.709s] [ext: omni.isaac.wheeled_robots-3.0.3] startup
2026-07-23 09:51:51 [6,702ms] [Warning] [omni.isaac.wheeled_robots] omni.isaac.wheeled_robots has been deprecated in favor of isaacsim.robot.wheeled_robots. Please update your code accordingly.
2026-07-23 09:51:51 [6,702ms] [Warning] [omni.isaac.wheeled_robots.controllers] omni.isaac.wheeled_robots has been deprecated in favor of isaacsim.robot.wheeled_robots. Please update your code accordingly.
2026-07-23 09:51:51 [6,702ms] [Warning] [omni.isaac.wheeled_robots.controllers.ackermann_controller] omni.isaac.wheeled_robots has been deprecated in favor of isaacsim.robot.wheeled_robots. Please update your code accordingly.
2026-07-23 09:51:51 [6,703ms] [Warning] [omni.isaac.wheeled_robots.controllers.differential_controller] omni.isaac.wheeled_robots has been deprecated in favor of isaacsim.robot.wheeled_robots. Please update your code accordingly.
2026-07-23 09:51:51 [6,703ms] [Warning] [omni.isaac.wheeled_robots.controllers.holonomic_controller] omni.isaac.wheeled_robots has been deprecated in favor of isaacsim.robot.wheeled_robots. Please update your code accordingly.
2026-07-23 09:51:51 [6,703ms] [Warning] [omni.isaac.wheeled_robots.controllers.quintic_path_planner] omni.isaac.wheeled_robots has been deprecated in favor of isaacsim.robot.wheeled_robots. Please update your code accordingly.
2026-07-23 09:51:51 [6,703ms] [Warning] [omni.isaac.wheeled_robots.controllers.stanley_control] omni.isaac.wheeled_robots has been deprecated in favor of isaacsim.robot.wheeled_robots. Please update your code accordingly.
2026-07-23 09:51:51 [6,703ms] [Warning] [omni.isaac.wheeled_robots.controllers.wheel_base_pose_controller] omni.isaac.wheeled_robots has been deprecated in favor of isaacsim.robot.wheeled_robots. Please update your code accordingly.
2026-07-23 09:51:51 [6,703ms] [Warning] [omni.isaac.wheeled_robots.impl] omni.isaac.wheeled_robots has been deprecated in favor of isaacsim.robot.wheeled_robots. Please update your code accordingly.
2026-07-23 09:51:51 [6,703ms] [Warning] [omni.isaac.wheeled_robots.robots] omni.isaac.wheeled_robots has been deprecated in favor of isaacsim.robot.wheeled_robots. Please update your code accordingly.
2026-07-23 09:51:51 [6,703ms] [Warning] [omni.isaac.wheeled_robots.robots.holonomic_robot_usd_setup] omni.isaac.wheeled_robots has been deprecated in favor of isaacsim.robot.wheeled_robots. Please update your code accordingly.
2026-07-23 09:51:51 [6,703ms] [Warning] [omni.isaac.wheeled_robots.robots.wheeled_robot] omni.isaac.wheeled_robots has been deprecated in favor of isaacsim.robot.wheeled_robots. Please update your code accordingly.
[6.711s] [ext: omni.isaac.franka-1.0.2] startup
2026-07-23 09:51:51 [6,705ms] [Warning] [omni.isaac.franka] omni.isaac.franka has been deprecated in favor of isaacsim.robot.manipulators.examples.franka. Please update your code accordingly.
2026-07-23 09:51:51 [6,705ms] [Warning] [omni.isaac.franka.franka] omni.isaac.franka has been deprecated in favor of isaacsim.robot.manipulators.examples.franka. Please update your code accordingly.
2026-07-23 09:51:51 [6,705ms] [Warning] [omni.isaac.franka.kinematics_solver] omni.isaac.franka has been deprecated in favor of isaacsim.robot.manipulators.examples.franka. Please update your code accordingly.
[6.713s] [ext: isaacsim.replicator.domain_randomization-1.0.2] startup
[6.716s] [ext: isaacsim.replicator.examples-1.1.2] startup
[6.719s] [ext: omni.kit.window.status_bar-0.1.7] startup
[6.726s] [ext: omni.rtx.window.settings-0.6.17] startup
[6.738s] [ext: omni.usd.metrics.assembler-106.5.0] startup
[6.744s] [ext: omni.physx.bundle-106.5.7] startup
[6.745s] [ext: isaacsim.app.about-2.0.7] startup
[6.745s] [ext: omni.replicator.isaac-2.0.3] startup
2026-07-23 09:51:51 [6,738ms] [Warning] [omni.replicator.isaac] omni.replicator.isaac has been deprecated in favor of isaacsim.replicator.domain_randomization, isaacsim.replicator.examples, isaacsim.replicator.writers. Please update your code accordingly.
[6.746s] [ext: omni.replicator.replicator_yaml-2.0.10] startup
[6.759s] [ext: omni.rtx.settings.core-0.6.3] startup
[6.764s] [ext: omni.usd.metrics.assembler.ui-106.5.0] startup
[6.770s] [ext: isaacsim.simulation_app-2.4.2] startup
[6.771s] [ext: omni.isaac.window.about-2.0.2] startup
2026-07-23 09:51:51 [6,764ms] [Warning] [omni.isaac.window.about] omni.isaac.window.about has been deprecated in favor of isaacsim.app.about. Please update your code accordingly.
2026-07-23 09:51:51 [6,764ms] [Warning] [omni.isaac.window.about.about] omni.isaac.window.about.about has been deprecated in favor of isaacsim.app.about.about. Please update your code accordingly.
[6.772s] [ext: semantics.schema.editor-0.3.10] startup
[6.774s] [ext: omni.kit.ui.actions-1.0.2] startup
[6.775s] [ext: semantics.schema.property-1.0.5] startup
[6.776s] [ext: omni.kit.manipulator.camera-106.0.3] startup
[6.779s] [ext: omni.isaac.kit-2.0.3] startup
2026-07-23 09:51:51 [6,771ms] [Warning] [omni.isaac.kit] omni.isaac.kit has been deprecated in favor of isaacsim.simulation_app. Please update your code accordingly.
[6.779s] [ext: omni.isaac.asset_browser-1.0.2] startup
2026-07-23 09:51:51 [6,772ms] [Warning] [omni.isaac.asset_browser] omni.isaac.asset_browser has been deprecated in favor of isaacsim.asset.browser. Please update your code accordingly.
[6.780s] [ext: isaacsim.core.throttling-2.0.2] startup
[6.781s] [ext: omni.kit.menu.common-1.1.9] startup
[6.783s] [ext: isaacsim.exp.base-4.5.0] startup
[6.784s] [ext: isaacsim.exp.base.python-4.5.0] startup
[6.785s] Simulation App Starting
2026-07-23 09:51:51 [7,147ms] [Warning] [rtx.scenedb.plugin] SceneDbContext : TLAS limit buffer size 7508933632
2026-07-23 09:51:51 [7,147ms] [Warning] [rtx.scenedb.plugin] SceneDbContext : TLAS limit : valid false, within: false
2026-07-23 09:51:51 [7,147ms] [Warning] [rtx.scenedb.plugin] SceneDbContext : TLAS limit : decrement: 167690, decrement size: 7433845248
2026-07-23 09:51:51 [7,147ms] [Warning] [rtx.scenedb.plugin] SceneDbContext : New limit 9574251 (slope: 447, intercept: 13179904)
2026-07-23 09:51:51 [7,147ms] [Warning] [rtx.scenedb.plugin] SceneDbContext : TLAS limit buffer size 4287216384
2026-07-23 09:51:51 [7,147ms] [Warning] [rtx.scenedb.plugin] SceneDbContext : TLAS limit : valid true, within: true
[7.171s] app ready
2026-07-23 09:51:51 [7,256ms] [Warning] [omni.usd-abi.plugin] No setting was found for '/rtx-defaults-transient/meshlights/forceDisable'
2026-07-23 09:51:51 [7,294ms] [Warning] [omni.usd-abi.plugin] No setting was found for '/rtx-defaults/post/dlss/execMode'
[9.776s] Simulation App Startup Complete
2026-07-23 09:51:54 [10,430ms] [Warning] [omni.physx.plugin] Detected an articulation at /World/Stem with more than 4 velocity iterations being added to a TGS scene.The related behavior changed recently, please consult the changelog. This warning will only print once.
[13.832s] Simulation App Shutting Down
