Warning: running in conda env, please deactivate before executing this script
If conda is desired please source setup_conda_env.sh in your python 3.10 conda env and run python normally
[Info] [carb] Logging to file: /home/alessandro/isaacsim/kit/logs/Kit/Isaac-Sim Python/4.5/kit_20260811_090132.log
2026-08-11 08:01:32 [0ms] [Warning] [omni.kit.app.plugin] No crash reporter present, dumps uploading isn't available.
[0.029s] [ext: omni.kit.async_engine-0.0.1] startup
[0.315s] [ext: omni.metrics.core-0.0.1] startup
[0.315s] [ext: omni.client.lib-1.0.0] startup
[0.331s] [ext: omni.blobkey-1.1.2] startup
[0.331s] [ext: omni.stats-1.0.1] startup
[0.332s] [ext: omni.datastore-0.0.0] startup
[0.335s] [ext: omni.client-1.2.2] startup
[0.389s] [ext: omni.ujitso.default-1.0.0] startup
[0.391s] [ext: omni.hsscclient-1.1.1] startup
[0.393s] [ext: omni.gpu_foundation.shadercache.vulkan-1.0.0] startup
[0.396s] [ext: omni.assets.plugins-0.0.0] startup
[0.396s] [ext: omni.gpu_foundation-0.0.0] startup
[0.401s] [ext: carb.windowing.plugins-1.0.0] startup
[0.407s] [ext: omni.kit.renderer.init-0.0.0] startup
2026-08-11 08:01:33 [712ms] [Warning] [gpu.foundation.plugin] Skipping unsupported non-NVIDIA GPU: Intel(R) Graphics (RPL-P)
2026-08-11 08:01:33 [712ms] [Warning] [gpu.foundation.plugin] Skipping unsupported non-NVIDIA GPU: Intel(R) Graphics (RPL-P)

|---------------------------------------------------------------------------------------------|
| Driver Version: 575.57.08     | Graphics API: Vulkan
|=============================================================================================|
| GPU | Name                             | Active | LDA | GPU Memory | Vendor-ID | LUID       |
|     |                                  |        |     |            | Device-ID | UUID       |
|     |                                  |        |     |            | Bus-ID    |            |
|---------------------------------------------------------------------------------------------|
| 0   | NVIDIA GeForce RTX 4080 Laptop.. | Yes: 0 |     | 12282   MB | 10de      | 0          |
|     |                                  |        |     |            | 27e0      | d30f32f4.. |
|     |                                  |        |     |            | 1         |            |
|---------------------------------------------------------------------------------------------|
| 1   | Intel(R) Graphics (RPL-P)        |        |     | 23831   MB | 8086      | 0          |
|     |                                  |        |     |            | a7a0      | 8680a0a7.. |
|     |                                  |        |     |            | 0         |            |
|=============================================================================================|
| OS: 22.04.5 LTS (Jammy Jellyfish) ubuntu, Version: 22.04.5, Kernel: 6.8.0-136-generic
| XServer Vendor: The X.Org Foundation, XServer Version: 12101004 (1.21.1.4)
| Processor: 13th Gen Intel(R) Core(TM) i9-13900HK
| Bare Metal Cores: 14 | Bare Metal Logical Cores: 28
| Available Cores:  20 
|---------------------------------------------------------------------------------------------|
| Total Memory (MB): 31775 | Free Memory: 18073
| Total Page/Swap (MB): 2047 | Free Page/Swap: 1715
|---------------------------------------------------------------------------------------------|
2026-08-11 08:01:33 [986ms] [Warning] [gpu.foundation.plugin] IOMMU is enabled.
2026-08-11 08:01:33 [986ms] [Warning] [gpu.foundation.plugin] Detected IOMMU is enabled. Running CUDA peer-to-peer bandwidth and latency validation.
Unidirectional P2P=Enabled Bandwidth (P2P Writes) Matrix (GB/s)
   D\D     0 
     0 270.32 
P2P=Enabled Latency (P2P Writes) Matrix (us)
   GPU     0 
     0   1.52 

   CPU     0 
     0   1.47 
[1.118s] [ext: omni.kit.pipapi-0.0.0] startup
[1.120s] [ext: omni.kit.pip_archive-0.0.0] startup
[1.120s] [ext: omni.pip.compute-1.4.5] startup
[1.120s] [ext: omni.materialx.libs-1.0.6] startup
[1.126s] [ext: omni.kit.telemetry-0.5.1] startup
[1.150s] [ext: omni.pip.cloud-1.1.7] startup
[1.153s] [ext: omni.isaac.core_archive-2.3.3] startup
[1.153s] [ext: omni.usd.config-1.0.5] startup
[1.155s] [ext: omni.gpucompute.plugins-0.0.0] startup
[1.156s] [ext: omni.usd.libs-1.0.1] startup
[1.218s] [ext: omni.isaac.ml_archive-2.1.2] startup
[1.218s] [ext: omni.mdl-55.0.1] startup
[1.234s] [ext: omni.iray.libs-0.0.0] startup
[1.238s] [ext: omni.mdl.neuraylib-0.2.10] startup
[1.240s] [ext: omni.kit.usd.mdl-1.0.7] startup
[1.317s] [ext: omni.kit.loop-isaac-1.2.1] startup
[1.318s] [ext: omni.kit.test-1.1.2] startup
[1.356s] [ext: omni.appwindow-1.1.9] startup
[1.901s] [ext: omni.kit.renderer.core-1.0.2] startup
[4.200s] [ext: omni.kit.renderer.capture-0.0.0] startup
[4.201s] [ext: omni.kit.renderer.imgui-1.0.2] startup
[4.262s] [ext: omni.ui-2.26.5] startup
[4.269s] [ext: omni.kit.mainwindow-1.0.3] startup
[4.270s] [ext: carb.audio-0.1.0] startup
[4.272s] [ext: omni.uiaudio-1.0.0] startup
[4.272s] [ext: omni.kit.uiapp-0.0.0] startup
[4.272s] [ext: omni.usd.schema.metrics.assembler-106.5.0] startup
[4.279s] [ext: omni.usd.schema.anim-0.0.0] startup
[4.294s] [ext: omni.usd.schema.isaac-3.0.2] startup
[4.294s] [ext: omni.usd.schema.geospatial-0.0.0] startup
[4.296s] [ext: omni.usd.schema.physx-106.5.7] startup
[4.317s] [ext: omni.usd.schema.audio-0.0.0] startup
[4.319s] [ext: omni.usd.schema.semantics-0.0.0] startup
[4.321s] [ext: omni.usd_resolver-1.0.0] startup
[4.324s] [ext: usdrt.scenegraph-7.5.1] startup
[4.352s] [ext: omni.kit.actions.core-1.0.0] startup
[4.353s] [ext: omni.timeline-1.0.11] startup
[4.354s] [ext: omni.usd.core-1.4.2] startup
[4.356s] [ext: omni.resourcemonitor-107.0.0] startup
[4.358s] [ext: omni.activity.core-1.0.1] startup
[4.359s] [ext: omni.kit.audiodeviceenum-1.0.1] startup
[4.360s] [ext: omni.hydra.usdrt_delegate-7.5.1] startup
[4.367s] [ext: omni.graph.exec-0.9.4] startup
[4.367s] [ext: omni.kit.window.popup_dialog-2.0.24] startup
[4.370s] [ext: omni.kit.exec.core-0.13.4] startup
[4.371s] [ext: omni.kit.widget.nucleus_connector-1.1.10] startup
[4.373s] [ext: omni.kit.usd_undo-0.1.8] startup
[4.373s] [ext: omni.kit.commands-1.4.9] startup
[4.375s] [ext: omni.hydra.scene_delegate-0.3.3] startup
[4.379s] [ext: omni.usd-1.12.4] startup
[4.414s] [ext: omni.kit.asset_converter-2.8.3] startup
[4.423s] [ext: omni.usd.schema.omniscripting-1.0.0] startup
[4.426s] [ext: omni.usd.schema.omnigraph-1.0.0] startup
[4.431s] [ext: omni.usd.schema.forcefield-106.5.7] startup
[4.435s] [ext: isaacsim.robot.schema-3.1.2] startup
[4.440s] [ext: omni.inspect-1.0.1] startup
[4.441s] [ext: omni.kit.notification_manager-1.0.9] startup
[4.442s] [ext: omni.graph.core-2.181.8] startup
[4.444s] [ext: isaacsim.core.deprecation_manager-0.2.2] startup
[4.445s] [ext: omni.index.libs-380600.1777.0] startup
[4.445s] [ext: omni.ujitso.processor.texture-1.0.0] startup
[4.446s] [ext: omni.index-1.0.1] startup
[4.446s] [ext: omni.kit.widget.path_field-2.0.11] startup
[4.447s] [ext: omni.volume-0.5.0] startup
[4.451s] [ext: omni.ujitso.client-0.0.0] startup
[4.451s] [ext: omni.hydra.rtx.shadercache.vulkan-1.0.0] startup
[4.452s] [ext: omni.kit.widget.browser_bar-2.0.10] startup
[4.452s] [ext: omni.kit.clipboard-1.0.5] startup
[4.453s] [ext: omni.hydra.rtx-1.0.0] startup
2026-08-11 08:01:37 [4,451ms] [Warning] [omni.log] Source: omni.hydra was already registered.
[4.469s] [ext: omni.kit.viewport.registry-104.0.6] startup
[4.469s] [ext: omni.kit.helper.file_utils-0.1.9] startup
[4.470s] [ext: omni.kit.widget.options_menu-1.1.6] startup
[4.472s] [ext: omni.kit.menu.core-1.1.2] startup
[4.473s] [ext: omni.kit.widget.filebrowser-2.10.52] startup
[4.476s] [ext: omni.ui.scene-1.11.2] startup
[4.479s] [ext: omni.kit.widget.options_button-1.0.3] startup
[4.480s] [ext: omni.kit.widget.context_menu-1.2.4] startup
[4.480s] [ext: omni.kit.viewport.legacy_gizmos-1.0.16] startup
[4.482s] [ext: omni.kit.usd.layers-2.2.0] startup
[4.488s] [ext: omni.kit.window.filepicker-2.11.7] startup
[4.496s] [ext: omni.kit.hydra_texture-1.4.0] startup
[4.499s] [ext: omni.kit.viewport.scene_camera_model-1.0.5] startup
[4.503s] [ext: omni.kit.context_menu-1.8.3] startup
[4.504s] [ext: omni.kit.window.file_importer-1.1.14] startup
[4.506s] [ext: omni.kit.menu.utils-1.7.7] startup
[4.511s] [ext: omni.kit.widget.viewport-107.0.7] startup
[4.514s] [ext: omni.kit.window.drop_support-1.0.4] startup
[4.514s] [ext: omni.kit.raycast.query-1.0.5] startup
[4.518s] [ext: omni.kit.material.library-1.5.15] startup
[4.521s] [ext: omni.hydra.engine.stats-1.0.3] startup
[4.523s] [ext: omni.kit.viewport.window-107.0.8] startup
[4.536s] [ext: omni.warp.core-1.5.0] startup
[4.726s] [ext: omni.kit.viewport.utility-1.0.18] startup
[4.726s] [ext: omni.kit.hotkeys.core-1.3.10] startup
[4.727s] [ext: omni.kit.widget.prompt-1.0.7] startup
[4.728s] [ext: omni.kit.usd.collect-2.2.22] startup
[4.729s] [ext: omni.kit.window.content_browser_registry-0.0.6] startup
[4.730s] [ext: omni.graph.tools-1.79.1] startup
[4.745s] [ext: omni.kit.window.file_exporter-1.0.31] startup
[4.746s] [ext: omni.kit.stage_template.core-1.1.22] startup
[4.746s] [ext: omni.graph.image.core-0.6.0] startup
[4.747s] [ext: omni.graph.action_core-1.1.7] startup
[4.749s] [ext: omni.graph-1.140.2] startup
[4.780s] [ext: omni.kit.window.file-1.3.57] startup
[4.782s] [ext: omni.kit.widget.filter-1.1.4] startup
[4.783s] [ext: omni.graph.image.nodes-1.3.0] startup
[4.786s] [ext: omni.graph.action_nodes-1.40.1] startup
[4.788s] [ext: omni.kit.window.content_browser-2.10.3] startup
[4.804s] [ext: omni.kvdb-106.5.7] startup
[4.806s] [ext: omni.graph.action-1.120.0] startup
[4.807s] [ext: omni.kit.tool.collect-2.2.16] startup
[4.811s] [ext: omni.graph.nodes-1.162.1] startup
[4.818s] [ext: omni.kit.widget.searchfield-1.1.8] startup
[4.821s] [ext: omni.localcache-106.5.7] startup
[4.823s] [ext: omni.convexdecomposition-106.5.7] startup
[4.829s] [ext: omni.kit.widget.stage_icons-1.0.6] startup
[4.832s] [ext: omni.kit.widget.stage-2.11.6] startup
[4.853s] [ext: omni.usdphysics-106.5.7] startup
[4.857s] [ext: omni.physx.foundation-106.5.7] startup
[4.859s] [ext: omni.physics.tensors-106.5.7] startup
[4.866s] [ext: omni.kit.window.stage-2.5.11] startup
[4.870s] [ext: omni.kit.property.adapter.core-1.0.2] startup
[4.872s] [ext: omni.physx.cooking-106.5.7] startup
[4.878s] [ext: omni.kit.widget.zoombar-1.0.5] startup
[4.879s] [ext: omni.kit.widget.highlight_label-1.0.3] startup
[4.879s] [ext: omni.kit.property.adapter.usd-1.0.2] startup
[4.880s] [ext: omni.kit.property.adapter.fabric-1.0.3] startup
[4.882s] [ext: omni.physx-106.5.7] startup
[4.892s] [ext: omni.kit.browser.core-2.3.11] startup
[4.896s] [ext: omni.kit.window.property-1.11.5] startup
[4.898s] [ext: omni.kit.widget.text_editor-1.0.2] startup
[4.899s] [ext: omni.kit.property.usd-4.2.16] startup
[4.906s] [ext: omni.physx.tensors-106.5.7] startup
[4.911s] [ext: omni.kit.menu.stage-1.2.5] startup
[4.911s] [ext: omni.kit.browser.folder.core-1.10.1] startup
[4.918s] [ext: omni.warp-1.5.0] startup
[4.924s] [ext: isaacsim.examples.browser-0.1.8] startup
[4.928s] [ext: omni.physx.stageupdate-106.5.7] startup
[4.934s] [ext: omni.kit.numpy.common-0.1.2] startup
[4.936s] [ext: isaacsim.core.version-2.0.2] startup
[4.937s] [ext: omni.isaac.dynamic_control-1.3.15] startup
2026-08-11 08:01:37 [4,938ms] [Warning] [omni.isaac.dynamic_control] omni.isaac.dynamic_control is deprecated as of Isaac Sim 4.5. No action is needed from end-users.
[4.946s] [ext: isaacsim.storage.native-1.0.6] startup
[4.958s] [ext: omni.kit.menu.create-1.0.17] startup
[4.962s] [ext: isaacsim.core.utils-2.2.8] startup
[4.965s] [ext: omni.kit.widget.searchable_combobox-1.0.6] startup
[4.970s] [ext: omni.kit.primitive.mesh-1.0.17] startup
[4.980s] [ext: isaacsim.core.simulation_manager-0.3.3] startup
[5.961s] [ext: omni.kit.scripting-106.5.2] startup
[5.965s] [ext: omni.kit.stage_templates-1.2.6] startup
[5.969s] [ext: isaacsim.core.prims-0.3.7] startup
[5.982s] [ext: isaacsim.replicator.behavior-1.0.8] startup
[5.983s] [ext: isaacsim.core.api-4.2.16] startup
[5.990s] [ext: omni.ui_query-1.1.7] startup
[5.992s] [ext: omni.kit.manipulator.viewport-107.0.1] startup
[5.993s] [ext: omni.kit.ui_test-1.3.3] startup
[5.995s] [ext: omni.kit.window.extensions-1.4.25] startup
[5.999s] [ext: omni.graph.visualization.nodes-2.1.1] startup
[6.003s] [ext: omni.kit.tool.asset_importer-2.12.2] startup
[6.013s] [ext: isaacsim.gui.components-1.0.9] startup
[6.018s] [ext: omni.kit.widget.settings-1.2.2] startup
[6.023s] [ext: omni.kit.widget.graph-1.12.17] startup
[6.028s] [ext: omni.kit.window.preferences-1.7.0] startup
[6.033s] [ext: omni.kit.graph.delegate.default-1.2.2] startup
[6.033s] [ext: omni.kit.viewport.menubar.core-107.1.2] startup
[6.044s] [ext: omni.kit.widget.material_preview-1.0.16] startup
[6.046s] [ext: omni.kit.graph.usd.commands-1.3.1] startup
[6.047s] [ext: omni.kit.graph.editor.core-1.5.3] startup
[6.049s] [ext: omni.syntheticdata-0.6.10] startup
[6.071s] [ext: omni.kit.window.material_graph-1.8.19] startup
[6.099s] [ext: omni.graph.scriptnode-1.40.1] startup
[6.102s] [ext: isaacsim.core.cloner-1.3.4] startup
[6.104s] [ext: omni.replicator.core-1.11.35] startup
2026-08-11 08:01:38 [6,175ms] [Warning] [omni.replicator.core.scripts.extension] No material configuration file, adding configuration to material settings directly.
[6.185s] [ext: omni.isaac.cloner-1.0.2] startup
2026-08-11 08:01:38 [6,179ms] [Warning] [omni.isaac.cloner] omni.isaac.cloner has been deprecated in favor of isaacsim.core.cloner. Please update your code accordingly.
[6.187s] [ext: isaacsim.core.nodes-2.1.4] startup
[6.194s] [ext: isaacsim.asset.importer.urdf-2.3.10] startup
[6.282s] [ext: omni.isaac.core-4.0.3] startup
2026-08-11 08:01:38 [6,277ms] [Warning] [omni.isaac.core.physics_context.physics_context] omni.isaac.core.physics_context.physics_context has been deprecated in favor of isaacsim.core.api.physics_context.physics_context. Please update your code accordingly.
2026-08-11 08:01:39 [6,278ms] [Warning] [omni.isaac.core.simulation_context.simulation_context] omni.isaac.core.simulation_context.simulation_context has been deprecated in favor of isaacsim.core.api.simulation_context.simulation_context. Please update your code accordingly.
2026-08-11 08:01:39 [6,279ms] [Warning] [omni.isaac.core.world.world] omni.isaac.core.world.world has been deprecated in favor of isaacsim.core.api.world.world. Please update your code accordingly.
2026-08-11 08:01:39 [6,279ms] [Warning] [omni.isaac.core] omni.isaac.core has been deprecated in favor of isaacsim.core.api. Please update your code accordingly.
[6.287s] [ext: omni.isaac.core_nodes-2.0.2] startup
2026-08-11 08:01:39 [6,287ms] [Warning] [omni.isaac.core_nodes] omni.isaac.core_nodes has been deprecated in favor of isaacsim.core.nodes. Please update your code accordingly.
[6.295s] [ext: omni.anim.curve.core-1.2.0] startup
[6.317s] [ext: isaacsim.robot_motion.lula-4.0.4] startup
[6.329s] [ext: isaacsim.asset.importer.mjcf-2.3.3] startup
[6.338s] [ext: isaacsim.robot_motion.motion_generation-8.0.6] startup
[6.352s] [ext: isaacsim.asset.browser-1.3.4] startup
[6.427s] [ext: isaacsim.robot.surface_gripper-2.0.6] startup
[6.430s] [ext: omni.kit.selection-0.1.5] startup
[6.433s] [ext: isaacsim.robot_motion.lula_test_widget-1.0.5] startup
[6.435s] [ext: omni.isaac.assets_check-0.3.9] startup
2026-08-11 08:01:39 [6,430ms] [Warning] [omni.isaac.assets_check] omni.isaac.assets_check has been deprecated in favor of isaacsim.asset.browser. Please update your code accordingly.
[6.438s] [ext: isaacsim.robot.manipulators-3.0.4] startup
[6.443s] [ext: isaacsim.sensors.physics-0.3.5] startup
[6.449s] [ext: isaacsim.gui.menu-2.0.9] startup
[6.465s] [ext: omni.isaac.lula_test_widget-1.0.2] startup
2026-08-11 08:01:39 [6,459ms] [Warning] [omni.isaac.lula_test_widget] omni.isaac.lula_test_widget has been deprecated in favor of isaacsim.robot_motion.lula_test_widget. Please update your code accordingly.
[6.466s] [ext: omni.sensors.nv.common-2.5.0-coreapi] startup
[6.476s] [ext: omni.isaac.manipulators-3.0.3] startup
2026-08-11 08:01:39 [6,469ms] [Warning] [omni.isaac.manipulators] omni.isaac.manipulators has been deprecated in favor of isaacsim.robot.manipulators. Please update your code accordingly.
2026-08-11 08:01:39 [6,469ms] [Warning] [omni.isaac.manipulators.controllers] omni.isaac.manipulators has been deprecated in favor of isaacsim.robot.manipulators. Please update your code accordingly.
2026-08-11 08:01:39 [6,469ms] [Warning] [omni.isaac.manipulators.controllers.pick_place_controller] omni.isaac.manipulators has been deprecated in favor of isaacsim.robot.manipulators. Please update your code accordingly.
2026-08-11 08:01:39 [6,469ms] [Warning] [omni.isaac.manipulators.controllers.stacking_controller] omni.isaac.manipulators has been deprecated in favor of isaacsim.robot.manipulators. Please update your code accordingly.
2026-08-11 08:01:39 [6,470ms] [Warning] [omni.isaac.manipulators.grippers] omni.isaac.manipulators has been deprecated in favor of isaacsim.robot.manipulators. Please update your code accordingly.
2026-08-11 08:01:39 [6,470ms] [Warning] [omni.isaac.manipulators.grippers.gripper] omni.isaac.manipulators has been deprecated in favor of isaacsim.robot.manipulators. Please update your code accordingly.
2026-08-11 08:01:39 [6,470ms] [Warning] [omni.isaac.manipulators.grippers.parallel_gripper] omni.isaac.manipulators has been deprecated in favor of isaacsim.robot.manipulators. Please update your code accordingly.
2026-08-11 08:01:39 [6,470ms] [Warning] [omni.isaac.manipulators.grippers.surface_gripper] omni.isaac.manipulators has been deprecated in favor of isaacsim.robot.manipulators. Please update your code accordingly.
2026-08-11 08:01:39 [6,470ms] [Warning] [omni.isaac.manipulators.manipulators] omni.isaac.manipulators has been deprecated in favor of isaacsim.robot.manipulators. Please update your code accordingly.
2026-08-11 08:01:39 [6,470ms] [Warning] [omni.isaac.manipulators.manipulators.single_manipulator] omni.isaac.manipulators has been deprecated in favor of isaacsim.robot.manipulators. Please update your code accordingly.
[6.478s] [ext: isaacsim.robot.policy.examples-4.0.3] startup
[6.480s] [ext: omni.isaac.menu-1.0.2] startup
2026-08-11 08:01:39 [6,473ms] [Warning] [omni.isaac.menu] omni.isaac.menu has been deprecated in favor of isaacsim.gui.menu. Please update your code accordingly.
[6.482s] [ext: omni.isaac.motion_generation-8.0.2] startup
2026-08-11 08:01:39 [6,476ms] [Warning] [omni.isaac.motion_generation] omni.isaac.motion_generation has been deprecated in favor of isaacsim.robot_motion.motion_generation. Please update your code accordingly.
2026-08-11 08:01:39 [6,476ms] [Warning] [omni.isaac.motion_generation.articulation_kinematics_solver] omni.isaac.motion_generation has been deprecated in favor of isaacsim.robot_motion.motion_generation. Please update your code accordingly.
2026-08-11 08:01:39 [6,476ms] [Warning] [omni.isaac.motion_generation.articulation_motion_policy] omni.isaac.motion_generation has been deprecated in favor of isaacsim.robot_motion.motion_generation. Please update your code accordingly.
2026-08-11 08:01:39 [6,476ms] [Warning] [omni.isaac.motion_generation.articulation_trajectory] omni.isaac.motion_generation has been deprecated in favor of isaacsim.robot_motion.motion_generation. Please update your code accordingly.
2026-08-11 08:01:39 [6,477ms] [Warning] [omni.isaac.motion_generation.kinematics_interface] omni.isaac.motion_generation has been deprecated in favor of isaacsim.robot_motion.motion_generation. Please update your code accordingly.
2026-08-11 08:01:39 [6,477ms] [Warning] [omni.isaac.motion_generation.lula] omni.isaac.motion_generation has been deprecated in favor of isaacsim.robot_motion.motion_generation. Please update your code accordingly.
2026-08-11 08:01:39 [6,478ms] [Warning] [omni.isaac.motion_generation.lula.kinematics] omni.isaac.motion_generation has been deprecated in favor of isaacsim.robot_motion.motion_generation. Please update your code accordingly.
2026-08-11 08:01:39 [6,478ms] [Warning] [omni.isaac.motion_generation.lula.motion_policies] omni.isaac.motion_generation has been deprecated in favor of isaacsim.robot_motion.motion_generation. Please update your code accordingly.
2026-08-11 08:01:39 [6,478ms] [Warning] [omni.isaac.motion_generation.lula.path_planners] omni.isaac.motion_generation has been deprecated in favor of isaacsim.robot_motion.motion_generation. Please update your code accordingly.
2026-08-11 08:01:39 [6,478ms] [Warning] [omni.isaac.motion_generation.lula.trajectory_generator] omni.isaac.motion_generation has been deprecated in favor of isaacsim.robot_motion.motion_generation. Please update your code accordingly.
2026-08-11 08:01:39 [6,478ms] [Warning] [omni.isaac.motion_generation.motion_policy_controller] omni.isaac.motion_generation has been deprecated in favor of isaacsim.robot_motion.motion_generation. Please update your code accordingly.
2026-08-11 08:01:39 [6,478ms] [Warning] [omni.isaac.motion_generation.motion_policy_interface] omni.isaac.motion_generation has been deprecated in favor of isaacsim.robot_motion.motion_generation. Please update your code accordingly.
2026-08-11 08:01:39 [6,478ms] [Warning] [omni.isaac.motion_generation.path_planner_visualizer] omni.isaac.motion_generation has been deprecated in favor of isaacsim.robot_motion.motion_generation. Please update your code accordingly.
2026-08-11 08:01:39 [6,478ms] [Warning] [omni.isaac.motion_generation.path_planning_interface] omni.isaac.motion_generation has been deprecated in favor of isaacsim.robot_motion.motion_generation. Please update your code accordingly.
2026-08-11 08:01:39 [6,478ms] [Warning] [omni.isaac.motion_generation.trajectory] omni.isaac.motion_generation has been deprecated in favor of isaacsim.robot_motion.motion_generation. Please update your code accordingly.
2026-08-11 08:01:39 [6,478ms] [Warning] [omni.isaac.motion_generation.world_interface] omni.isaac.motion_generation has been deprecated in favor of isaacsim.robot_motion.motion_generation. Please update your code accordingly.
[6.486s] [ext: omni.sensors.nv.materials-1.4.0-coreapi] startup
[6.488s] [ext: omni.isaac.nucleus-1.0.3] startup
2026-08-11 08:01:39 [6,481ms] [Warning] [omni.isaac.nucleus] omni.isaac.nucleus has been deprecated in favor of isaacsim.storage.native. Please update your code accordingly.
2026-08-11 08:01:39 [6,481ms] [Warning] [omni.isaac.nucleus.nucleus] omni.isaac.nucleus.nucleus has been deprecated in favor of isaacsim.storage.native. Please update your code accordingly.
[6.489s] [ext: omni.isaac.quadruped-3.0.2] startup
2026-08-11 08:01:39 [6,482ms] [Warning] [omni.isaac.quadruped] omni.isaac.quadruped has been deprecated in favor of isaacsim.robot.policy.examples. Please update your code accordingly.
[6.490s] [ext: omni.kit.manipulator.selector-1.1.1] startup
[6.492s] [ext: omni.sensors.nv.wpm-2.4.0-coreapi] startup
[6.494s] [ext: omni.sensors.nv.lidar-2.6.3-coreapi] startup
[6.498s] [ext: omni.sensors.nv.ids-1.4.0-coreapi] startup
[6.502s] [ext: isaacsim.robot.manipulators.examples-1.0.3] startup
[6.503s] [ext: isaacsim.util.debug_draw-2.0.2] startup
[6.507s] [ext: omni.sensors.tiled-0.0.6] startup
[6.509s] [ext: omni.sensors.nv.radar-2.6.1-coreapi] startup
[6.514s] [ext: omni.kit.widget.toolbar-1.7.3] startup
[6.521s] [ext: omni.kit.manipulator.transform-106.0.1] startup
[6.524s] [ext: isaacsim.sensors.physx-2.2.4] startup
[6.529s] [ext: isaacsim.sensors.rtx-13.6.3] startup
[6.536s] [ext: isaacsim.sensors.camera-0.2.9] startup
[6.546s] [ext: isaacsim.cortex.framework-1.0.2] startup
[6.547s] [ext: omni.kit.manipulator.tool.snap-1.5.12] startup
[6.560s] [ext: omni.isaac.range_sensor-4.0.2] startup
[6.562s] [ext: omni.isaac.surface_gripper-2.0.2] startup
2026-08-11 08:01:39 [6,555ms] [Warning] [omni.isaac.surface_gripper] omni.isaac.surface_gripper has been deprecated in favor of isaacsim.robot.surface_gripper. Please update your code accordingly.
[6.563s] [ext: omni.isaac.sensor-13.0.3] startup
2026-08-11 08:01:39 [6,557ms] [Warning] [omni.isaac.sensor] omni.isaac.sensor has been deprecated in favor of isaacsim.sensors.camera, isaacsim.sensors.physics, isaacsim.sensors.physx, and isaacsim.sensors.rtx. Please update your code accordingly.
2026-08-11 08:01:39 [6,557ms] [Warning] [omni.isaac.sensor.camera] omni.isaac.sensor.camera has been deprecated in favor of isaacsim.sensors.camera.camera. Please update your code accordingly.
2026-08-11 08:01:39 [6,557ms] [Warning] [omni.isaac.sensor.camera_view] omni.isaac.sensor.camera_view has been deprecated in favor of isaacsim.sensors.camera.camera_view. Please update your code accordingly.
2026-08-11 08:01:39 [6,558ms] [Warning] [omni.isaac.sensor.commands] omni.isaac.sensor.commands has been deprecated in favor of isaacsim.sensors.physics.commands, isaacsim.sensors.physx.commands, and isaacsim.sensors.rtx.commands. Please update your code accordingly.
2026-08-11 08:01:39 [6,558ms] [Warning] [omni.isaac.sensor.contact_sensor] omni.isaac.sensor.contact_sensor has been deprecated in favor of isaacsim.sensors.physics.contact_sensor. Please update your code accordingly.
2026-08-11 08:01:39 [6,558ms] [Warning] [omni.isaac.sensor.imu_sensor] omni.isaac.sensor.imu_sensor has been deprecated in favor of isaacsim.sensors.physics.imu_sensor. Please update your code accordingly.
2026-08-11 08:01:39 [6,558ms] [Warning] [omni.isaac.sensor.lidar_rtx] omni.isaac.sensor.lidar_rtx has been deprecated in favor of isaacsim.sensors.rtx.lidar_rtx. Please update your code accordingly.
2026-08-11 08:01:39 [6,558ms] [Warning] [omni.isaac.sensor.rotating_lidar_physX] omni.isaac.sensor.imu_sensor has been deprecated in favor of isaacsim.sensors.physix.rotating_lidar_physX. Please update your code accordingly.
2026-08-11 08:01:39 [6,558ms] [Warning] [omni.isaac.sensor.scripts.samples.contact_sensor] omni.isaac.sensor.scripts.samples.contact_sensor has been deprecated in favor of isaacsim.sensors.physics.scripts.samples.contact_sensor. Please update your code accordingly.
2026-08-11 08:01:39 [6,559ms] [Warning] [omni.isaac.sensor.scripts.samples.imu_sensor] omni.isaac.sensor.scripts.samples.imu_sensor has been deprecated in favor of isaacsim.sensors.physics.scripts.samples.imu_sensor. Please update your code accordingly.
2026-08-11 08:01:39 [6,559ms] [Warning] [omni.isaac.sensor.scripts.samples.lightbeam_sensor] omni.isaac.sensor.scripts.samples.lightbeam_sensor has been deprecated in favor of isaacsim.sensors.physx.scripts.samples.lightbeam_sensor. Please update your code accordingly.
[6.566s] [ext: omni.isaac.cortex-1.0.2] startup
2026-08-11 08:01:39 [6,560ms] [Warning] [omni.isaac.cortex] omni.isaac.cortex has been deprecated in favor of isaacsim.cortex.framework. Please update your code accordingly.
[6.568s] [ext: omni.kit.viewport.manipulator.transform-107.0.4] startup
[6.576s] [ext: omni.debugdraw-0.1.3] startup
[6.581s] [ext: omni.isaac.universal_robots-1.0.2] startup
2026-08-11 08:01:39 [6,574ms] [Warning] [omni.isaac.universal_robots] omni.isaac.universal_robots has been deprecated in favor of isaacsim.robot.manipulators.examples.universal_robots. Please update your code accordingly.
2026-08-11 08:01:39 [6,574ms] [Warning] [omni.isaac.universal_robots.kinematics_solver] omni.isaac.franka has been deprecated in favor of isaacsim.robot.manipulators.examples.universal_robots. Please update your code accordingly.
2026-08-11 08:01:39 [6,574ms] [Warning] [omni.isaac.universal_robots.ur10] omni.isaac.franka has been deprecated in favor of isaacsim.robot.manipulators.examples.universal_robots. Please update your code accordingly.
[6.582s] [ext: omni.isaac.utils-2.0.2] startup
[6.584s] [ext: omni.kit.manipulator.prim.core-107.0.7] startup
[6.589s] [ext: omni.fabric.commands-1.1.5] startup
[6.591s] [ext: omni.kit.manipulator.selection-106.0.1] startup
[6.592s] [ext: omni.kit.viewport.actions-107.0.0] startup
[6.596s] [ext: omni.kit.manipulator.prim.usd-107.0.3] startup
[6.598s] [ext: omni.kit.manipulator.prim.fabric-107.0.4] startup
[6.600s] [ext: isaacsim.cortex.behaviors-2.0.3] startup
[6.602s] [ext: omni.kit.widget.layers-1.8.2] startup
[6.614s] [ext: omni.kit.viewport.menubar.display-107.0.3] startup
[6.616s] [ext: omni.kit.manipulator.prim-107.0.0] startup
[6.616s] [ext: omni.isaac.cortex.sample_behaviors-2.0.2] startup
2026-08-11 08:01:39 [6,610ms] [Warning] [omni.isaac.cortex.sample_behaviors] omni.isaac.cortex.sample_behaviors has been deprecated in favor of isaacsim.cortex.behaviors. Please update your code accordingly.
[6.617s] [ext: omni.graph.ui_nodes-1.40.1] startup
[6.622s] [ext: omni.usdphysics.ui-106.5.7] startup
[6.650s] [ext: omni.physx.commands-106.5.7] startup
[6.654s] [ext: omni.kit.property.camera-1.0.9] startup
[6.656s] [ext: omni.hydra.scene_api-0.1.2] startup
[6.660s] [ext: omni.kit.property.geometry-1.3.3] startup
[6.663s] [ext: omni.kit.property.light-1.0.11] startup
[6.664s] [ext: omni.physx.ui-106.5.7] startup
[6.688s] [ext: omni.kit.property.material-1.10.17] startup
[6.693s] [ext: omni.kit.property.render-1.1.3] startup
[6.695s] [ext: omni.kit.property.transform-1.5.10] startup
[6.698s] [ext: omni.kit.property.audio-1.0.16] startup
[6.700s] [ext: isaacsim.gui.property-1.0.4] startup
[6.702s] [ext: omni.physx.demos-106.5.7] startup
[6.716s] [ext: omni.kit.property.physx-106.5.7] startup
[6.747s] [ext: omni.isaac.lula-4.0.2] startup
2026-08-11 08:01:39 [6,741ms] [Warning] [omni.isaac.lula] omni.isaac.lula has been deprecated in favor of isaacsim.robot_motion.lula. Please update your code accordingly.
[6.749s] [ext: omni.kit.property.bundle-1.3.2] startup
[6.750s] [ext: omni.kit.property.isaac-1.0.2] startup
2026-08-11 08:01:39 [6,744ms] [Warning] [omni.kit.property.isaac] omni.kit.property.isaac has been deprecated in favor of isaacsim.gui.property. Please update your code accordingly.
2026-08-11 08:01:39 [6,744ms] [Warning] [omni.kit.property.isaac.widgets] omni.kit.property.isaac.widgets has been deprecated in favor of isaacsim.gui.property.widgets. Please update your code accordingly.
[6.752s] [ext: omni.physx.vehicle-106.5.7] startup
[6.773s] [ext: omni.kit.viewport.menubar.camera-107.0.2] startup
[6.778s] [ext: omni.kit.viewport.menubar.lighting-106.0.2] startup
[6.780s] [ext: omni.kit.viewport.menubar.render-107.0.8] startup
[6.783s] [ext: omni.kit.viewport.menubar.settings-107.0.3] startup
[6.786s] [ext: omni.kit.window.console-0.2.14] startup
[6.793s] [ext: omni.physx.camera-106.5.7] startup
[6.803s] [ext: omni.kit.window.toolbar-1.6.2] startup
[6.807s] [ext: omni.isaac.version-2.0.2] startup
2026-08-11 08:01:39 [6,800ms] [Warning] [omni.isaac.version] omni.isaac.version has been deprecated in favor of isaacsim.core.version. Please update your code accordingly.
[6.808s] [ext: isaacsim.robot.wheeled_robots-4.0.3] startup
[6.812s] [ext: omni.physx.cct-106.5.7] startup
[6.825s] [ext: omni.physx.graph-106.5.7] startup
[6.848s] [ext: isaacsim.replicator.writers-1.0.1] startup
[6.877s] [ext: omni.physx.supportui-106.5.7] startup
[6.897s] [ext: omni.physx.telemetry-106.5.7] startup
[6.910s] [ext: omni.isaac.wheeled_robots-3.0.3] startup
2026-08-11 08:01:39 [6,904ms] [Warning] [omni.isaac.wheeled_robots] omni.isaac.wheeled_robots has been deprecated in favor of isaacsim.robot.wheeled_robots. Please update your code accordingly.
2026-08-11 08:01:39 [6,904ms] [Warning] [omni.isaac.wheeled_robots.controllers] omni.isaac.wheeled_robots has been deprecated in favor of isaacsim.robot.wheeled_robots. Please update your code accordingly.
2026-08-11 08:01:39 [6,904ms] [Warning] [omni.isaac.wheeled_robots.controllers.ackermann_controller] omni.isaac.wheeled_robots has been deprecated in favor of isaacsim.robot.wheeled_robots. Please update your code accordingly.
2026-08-11 08:01:39 [6,905ms] [Warning] [omni.isaac.wheeled_robots.controllers.differential_controller] omni.isaac.wheeled_robots has been deprecated in favor of isaacsim.robot.wheeled_robots. Please update your code accordingly.
2026-08-11 08:01:39 [6,905ms] [Warning] [omni.isaac.wheeled_robots.controllers.holonomic_controller] omni.isaac.wheeled_robots has been deprecated in favor of isaacsim.robot.wheeled_robots. Please update your code accordingly.
2026-08-11 08:01:39 [6,906ms] [Warning] [omni.isaac.wheeled_robots.controllers.quintic_path_planner] omni.isaac.wheeled_robots has been deprecated in favor of isaacsim.robot.wheeled_robots. Please update your code accordingly.
2026-08-11 08:01:39 [6,906ms] [Warning] [omni.isaac.wheeled_robots.controllers.stanley_control] omni.isaac.wheeled_robots has been deprecated in favor of isaacsim.robot.wheeled_robots. Please update your code accordingly.
2026-08-11 08:01:39 [6,906ms] [Warning] [omni.isaac.wheeled_robots.controllers.wheel_base_pose_controller] omni.isaac.wheeled_robots has been deprecated in favor of isaacsim.robot.wheeled_robots. Please update your code accordingly.
2026-08-11 08:01:39 [6,907ms] [Warning] [omni.isaac.wheeled_robots.impl] omni.isaac.wheeled_robots has been deprecated in favor of isaacsim.robot.wheeled_robots. Please update your code accordingly.
2026-08-11 08:01:39 [6,907ms] [Warning] [omni.isaac.wheeled_robots.robots] omni.isaac.wheeled_robots has been deprecated in favor of isaacsim.robot.wheeled_robots. Please update your code accordingly.
2026-08-11 08:01:39 [6,907ms] [Warning] [omni.isaac.wheeled_robots.robots.holonomic_robot_usd_setup] omni.isaac.wheeled_robots has been deprecated in favor of isaacsim.robot.wheeled_robots. Please update your code accordingly.
2026-08-11 08:01:39 [6,908ms] [Warning] [omni.isaac.wheeled_robots.robots.wheeled_robot] omni.isaac.wheeled_robots has been deprecated in favor of isaacsim.robot.wheeled_robots. Please update your code accordingly.
[6.916s] [ext: omni.isaac.franka-1.0.2] startup
2026-08-11 08:01:39 [6,911ms] [Warning] [omni.isaac.franka] omni.isaac.franka has been deprecated in favor of isaacsim.robot.manipulators.examples.franka. Please update your code accordingly.
2026-08-11 08:01:39 [6,911ms] [Warning] [omni.isaac.franka.franka] omni.isaac.franka has been deprecated in favor of isaacsim.robot.manipulators.examples.franka. Please update your code accordingly.
2026-08-11 08:01:39 [6,912ms] [Warning] [omni.isaac.franka.kinematics_solver] omni.isaac.franka has been deprecated in favor of isaacsim.robot.manipulators.examples.franka. Please update your code accordingly.
[6.920s] [ext: isaacsim.replicator.domain_randomization-1.0.2] startup
[6.923s] [ext: isaacsim.replicator.examples-1.1.2] startup
[6.927s] [ext: omni.kit.window.status_bar-0.1.7] startup
[6.937s] [ext: omni.rtx.window.settings-0.6.17] startup
[6.946s] [ext: omni.usd.metrics.assembler-106.5.0] startup
[6.956s] [ext: omni.physx.bundle-106.5.7] startup
[6.956s] [ext: isaacsim.app.about-2.0.7] startup
[6.958s] [ext: omni.replicator.isaac-2.0.3] startup
2026-08-11 08:01:39 [6,951ms] [Warning] [omni.replicator.isaac] omni.replicator.isaac has been deprecated in favor of isaacsim.replicator.domain_randomization, isaacsim.replicator.examples, isaacsim.replicator.writers. Please update your code accordingly.
[6.959s] [ext: omni.replicator.replicator_yaml-2.0.10] startup
[6.974s] [ext: omni.rtx.settings.core-0.6.3] startup
[6.980s] [ext: omni.usd.metrics.assembler.ui-106.5.0] startup
[6.986s] [ext: isaacsim.simulation_app-2.4.2] startup
[6.986s] [ext: omni.isaac.window.about-2.0.2] startup
2026-08-11 08:01:39 [6,980ms] [Warning] [omni.isaac.window.about] omni.isaac.window.about has been deprecated in favor of isaacsim.app.about. Please update your code accordingly.
2026-08-11 08:01:39 [6,980ms] [Warning] [omni.isaac.window.about.about] omni.isaac.window.about.about has been deprecated in favor of isaacsim.app.about.about. Please update your code accordingly.
[6.988s] [ext: semantics.schema.editor-0.3.10] startup
[6.991s] [ext: omni.kit.ui.actions-1.0.2] startup
[6.993s] [ext: semantics.schema.property-1.0.5] startup
[6.995s] [ext: omni.kit.manipulator.camera-106.0.3] startup
[6.998s] [ext: omni.isaac.kit-2.0.3] startup
2026-08-11 08:01:39 [6,991ms] [Warning] [omni.isaac.kit] omni.isaac.kit has been deprecated in favor of isaacsim.simulation_app. Please update your code accordingly.
[6.999s] [ext: omni.isaac.asset_browser-1.0.2] startup
2026-08-11 08:01:39 [6,991ms] [Warning] [omni.isaac.asset_browser] omni.isaac.asset_browser has been deprecated in favor of isaacsim.asset.browser. Please update your code accordingly.
[6.999s] [ext: isaacsim.core.throttling-2.0.2] startup
[7.001s] [ext: omni.kit.menu.common-1.1.9] startup
[7.002s] [ext: isaacsim.exp.base-4.5.0] startup
[7.003s] [ext: isaacsim.exp.base.python-4.5.0] startup
[7.004s] Simulation App Starting
[7.302s] app ready
2026-08-11 08:01:40 [7,301ms] [Warning] [rtx.scenedb.plugin] SceneDbContext : TLAS limit buffer size 7508933632
2026-08-11 08:01:40 [7,301ms] [Warning] [rtx.scenedb.plugin] SceneDbContext : TLAS limit : valid false, within: false
2026-08-11 08:01:40 [7,301ms] [Warning] [rtx.scenedb.plugin] SceneDbContext : TLAS limit : decrement: 167690, decrement size: 7433845248
2026-08-11 08:01:40 [7,301ms] [Warning] [rtx.scenedb.plugin] SceneDbContext : New limit 9574251 (slope: 447, intercept: 13179904)
2026-08-11 08:01:40 [7,301ms] [Warning] [rtx.scenedb.plugin] SceneDbContext : TLAS limit buffer size 4287216384
2026-08-11 08:01:40 [7,301ms] [Warning] [rtx.scenedb.plugin] SceneDbContext : TLAS limit : valid true, within: true
2026-08-11 08:01:40 [7,416ms] [Warning] [omni.usd-abi.plugin] No setting was found for '/rtx-defaults-transient/meshlights/forceDisable'
2026-08-11 08:01:40 [7,457ms] [Warning] [omni.usd-abi.plugin] No setting was found for '/rtx-defaults/post/dlss/execMode'
[9.691s] Simulation App Startup Complete
2026-08-11 08:01:42 [10,039ms] [Warning] [omni.usd] Warning: in SdfPath at line 81 of /builds/omniverse/usd-ci/USD/pxr/usd/sdf/path.cpp -- Ill-formed SdfPath <>: syntax error

2026-08-11 08:01:42 [10,039ms] [Warning] [omni.usd] Warning: in SdfPath at line 81 of /builds/omniverse/usd-ci/USD/pxr/usd/sdf/path.cpp -- Ill-formed SdfPath <>: syntax error

2026-08-11 08:01:42 [10,157ms] [Warning] [omni.physx.plugin] Detected an articulation at /World/Baseline/Stem with more than 4 velocity iterations being added to a TGS scene.The related behavior changed recently, please consult the changelog. This warning will only print once.
2026-08-11 08:01:42 [10,175ms] [Error] [omni.physx.plugin] Physics scenes stepping is not the same, step subscription will be send with later step, per scene step is not yet supported.
Starting kit application with the following args:  ['/home/alessandro/isaacsim/exts/isaacsim.simulation_app/isaacsim/simulation_app/simulation_app.py', '/home/alessandro/isaacsim/apps/isaacsim.exp.base.python.kit', '--/app/tokens/exe-path=/home/alessandro/isaacsim/kit', '--/persistent/app/viewport/displayOptions=3094', '--/rtx/materialDb/syncLoads=True', '--/rtx/hydra/materialSyncLoads=True', '--/omni.kit.plugin/syncUsdLoads=True', '--/app/renderer/resolution/width=1280', '--/app/renderer/resolution/height=720', '--/app/window/width=1440', '--/app/window/height=900', '--/renderer/multiGpu/enabled=True', '--/app/fastShutdown=True', '--/app/installSignalHandlers=0', '--ext-folder', '/home/alessandro/isaacsim/exts', '--ext-folder', '/home/alessandro/isaacsim/apps', '--/physics/cudaDevice=0', '--portable']
Passing the following args to the base kit application:  ['--n', '10']
Warp 1.5.0 initialized:
   CUDA Toolkit 11.8, Driver 12.9
   Devices:
     "cpu"      : "x86_64"
     "cuda:0"   : "NVIDIA GeForce RTX 4080 Laptop GPU" (12 GiB, sm_89, mempool enabled)
   Kernel cache:
     /home/alessandro/.cache/warp/1.5.0

[INFO] Loading comparison for N=10...
[INFO] Loading Baseline (Old Physics) at Y = -0.3 m
[INFO] Loading Fixed (New Physics) at Y = +0.3 m

================================================================================
  ✓ Comparison ready!
  - The one on the left/back (Y=-0.3) is the OLD behavior
  - The one on the right/front (Y=+0.3) is the NEW behavior
  Close the window to exit
================================================================================

2026-08-11 08:01:43 [10,414ms] [Error] [omni.kit.app._impl] [py stderr]: Traceback (most recent call last):
2026-08-11 08:01:43 [10,414ms] [Error] [omni.kit.app._impl] [py stderr]:   File "/home/alessandro/isaacsim/autotom_digital_twin/src/exporterV2/tests/cantilever_bending_experiment/compare_cantilevers.py", line 100, in <module>
2026-08-11 08:01:43 [10,414ms] [Error] [omni.kit.app._impl] [py stderr]:     compare_cantilevers(args.n)
2026-08-11 08:01:43 [10,414ms] [Error] [omni.kit.app._impl] [py stderr]:   File "/home/alessandro/isaacsim/autotom_digital_twin/src/exporterV2/tests/cantilever_bending_experiment/compare_cantilevers.py", line 81, in compare_cantilevers
2026-08-11 08:01:43 [10,414ms] [Error] [omni.kit.app._impl] [py stderr]:     translate_op = xform.GetXformOp(UsdGeom.XformOp.TypeTranslate)
2026-08-11 08:01:43 [10,414ms] [Error] [omni.kit.app._impl] [py stderr]: AttributeError: 'Xformable' object has no attribute 'GetXformOp'. Did you mean: 'AddXformOp'?
2026-08-11 08:01:43 [10,429ms] [Warning] [omni.graph.core.plugin] Could not find category 'Replicator:Annotators' for removal
2026-08-11 08:01:43 [10,429ms] [Warning] [omni.graph.core.plugin] Could not find category 'Replicator:Annotators' for removal
2026-08-11 08:01:43 [10,429ms] [Warning] [omni.graph.core.plugin] Could not find category 'Replicator:Annotators' for removal
2026-08-11 08:01:43 [10,430ms] [Warning] [omni.graph.core.plugin] Could not find category 'Replicator:Annotators' for removal
2026-08-11 08:01:43 [10,430ms] [Warning] [omni.graph.core.plugin] Could not find category 'Replicator:Annotators' for removal
2026-08-11 08:01:43 [10,430ms] [Warning] [omni.graph.core.plugin] Could not find category 'Replicator:Annotators' for removal
2026-08-11 08:01:43 [10,430ms] [Warning] [omni.graph.core.plugin] Could not find category 'Replicator:Annotators' for removal
2026-08-11 08:01:43 [10,430ms] [Warning] [omni.graph.core.plugin] Could not find category 'Replicator:Annotators' for removal
2026-08-11 08:01:43 [10,430ms] [Warning] [omni.graph.core.plugin] Could not find category 'Replicator:Annotators' for removal
2026-08-11 08:01:43 [10,430ms] [Warning] [omni.graph.core.plugin] Could not find category 'Replicator:Annotators' for removal
2026-08-11 08:01:43 [10,430ms] [Warning] [omni.graph.core.plugin] Could not find category 'Replicator:Annotators' for removal
2026-08-11 08:01:43 [10,430ms] [Warning] [omni.graph.core.plugin] Could not find category 'Replicator:Annotators' for removal
2026-08-11 08:01:43 [10,430ms] [Warning] [omni.graph.core.plugin] Could not find category 'Replicator:Core' for removal
2026-08-11 08:01:43 [10,458ms] [Warning] [omni.graph.core.plugin] Could not find category 'animation' for removal
2026-08-11 08:01:43 [10,459ms] [Warning] [omni.fabric.plugin] gFabricState->gUsdStageToSimStageWithHistoryMap had 1 outstanding SimStageWithHistory(s) at shutdown
2026-08-11 08:01:43 [10,460ms] [Warning] [carb.audio.context] 1 contexts were leaked
2026-08-11 08:01:43 [10,493ms] [Warning] [carb] Recursive unloadAllPlugins() detected!
